Archive member included to satisfy reference by file (symbol)

C:/ST/STM32CubeIDE_1.19.0/STM32CubeIDE/plugins/com.st.stm32cube.ide.mcu.externaltools.gnu-tools-for-stm32.13.3.rel1.win32_1.0.0.202411081344/tools/bin/../lib/gcc/arm-none-eabi/13.3.1/../../../../arm-none-eabi/lib/thumb/v7e-m+fp/hard\libc_nano.a(libc_a-exit.o)
                              C:/ST/STM32CubeIDE_1.19.0/STM32CubeIDE/plugins/com.st.stm32cube.ide.mcu.externaltools.gnu-tools-for-stm32.13.3.rel1.win32_1.0.0.202411081344/tools/bin/../lib/gcc/arm-none-eabi/13.3.1/../../../../arm-none-eabi/lib/thumb/v7e-m+fp/hard/crt0.o (exit)
C:/ST/STM32CubeIDE_1.19.0/STM32CubeIDE/plugins/com.st.stm32cube.ide.mcu.externaltools.gnu-tools-for-stm32.13.3.rel1.win32_1.0.0.202411081344/tools/bin/../lib/gcc/arm-none-eabi/13.3.1/../../../../arm-none-eabi/lib/thumb/v7e-m+fp/hard\libc_nano.a(libc_a-findfp.o)
                              C:/ST/STM32CubeIDE_1.19.0/STM32CubeIDE/plugins/com.st.stm32cube.ide.mcu.externaltools.gnu-tools-for-stm32.13.3.rel1.win32_1.0.0.202411081344/tools/bin/../lib/gcc/arm-none-eabi/13.3.1/../../../../arm-none-eabi/lib/thumb/v7e-m+fp/hard\libc_nano.a(libc_a-exit.o) (__stdio_exit_handler)
C:/ST/STM32CubeIDE_1.19.0/STM32CubeIDE/plugins/com.st.stm32cube.ide.mcu.externaltools.gnu-tools-for-stm32.13.3.rel1.win32_1.0.0.202411081344/tools/bin/../lib/gcc/arm-none-eabi/13.3.1/../../../../arm-none-eabi/lib/thumb/v7e-m+fp/hard\libc_nano.a(libc_a-fwalk.o)
                              C:/ST/STM32CubeIDE_1.19.0/STM32CubeIDE/plugins/com.st.stm32cube.ide.mcu.externaltools.gnu-tools-for-stm32.13.3.rel1.win32_1.0.0.202411081344/tools/bin/../lib/gcc/arm-none-eabi/13.3.1/../../../../arm-none-eabi/lib/thumb/v7e-m+fp/hard\libc_nano.a(libc_a-findfp.o) (_fwalk_sglue)
C:/ST/STM32CubeIDE_1.19.0/STM32CubeIDE/plugins/com.st.stm32cube.ide.mcu.externaltools.gnu-tools-for-stm32.13.3.rel1.win32_1.0.0.202411081344/tools/bin/../lib/gcc/arm-none-eabi/13.3.1/../../../../arm-none-eabi/lib/thumb/v7e-m+fp/hard\libc_nano.a(libc_a-sprintf.o)
                              ./Core/Src/game.o (sprintf)
C:/ST/STM32CubeIDE_1.19.0/STM32CubeIDE/plugins/com.st.stm32cube.ide.mcu.externaltools.gnu-tools-for-stm32.13.3.rel1.win32_1.0.0.202411081344/tools/bin/../lib/gcc/arm-none-eabi/13.3.1/../../../../arm-none-eabi/lib/thumb/v7e-m+fp/hard\libc_nano.a(libc_a-stdio.o)
                              C:/ST/STM32CubeIDE_1.19.0/STM32CubeIDE/plugins/com.st.stm32cube.ide.mcu.externaltools.gnu-tools-for-stm32.13.3.rel1.win32_1.0.0.202411081344/tools/bin/../lib/gcc/arm-none-eabi/13.3.1/../../../../arm-none-eabi/lib/thumb/v7e-m+fp/hard\libc_nano.a(libc_a-findfp.o) (__sread)
C:/ST/STM32CubeIDE_1.19.0/STM32CubeIDE/plugins/com.st.stm32cube.ide.mcu.externaltools.gnu-tools-for-stm32.13.3.rel1.win32_1.0.0.202411081344/tools/bin/../lib/gcc/arm-none-eabi/13.3.1/../../../../arm-none-eabi/lib/thumb/v7e-m+fp/hard\libc_nano.a(libc_a-memset.o)
                              C:/ST/STM32CubeIDE_1.19.0/STM32CubeIDE/plugins/com.st.stm32cube.ide.mcu.externaltools.gnu-tools-for-stm32.13.3.rel1.win32_1.0.0.202411081344/tools/bin/../lib/gcc/arm-none-eabi/13.3.1/../../../../arm-none-eabi/lib/thumb/v7e-m+fp/hard/crt0.o (memset)
C:/ST/STM32CubeIDE_1.19.0/STM32CubeIDE/plugins/com.st.stm32cube.ide.mcu.externaltools.gnu-tools-for-stm32.13.3.rel1.win32_1.0.0.202411081344/tools/bin/../lib/gcc/arm-none-eabi/13.3.1/../../../../arm-none-eabi/lib/thumb/v7e-m+fp/hard\libc_nano.a(libc_a-closer.o)
                              C:/ST/STM32CubeIDE_1.19.0/STM32CubeIDE/plugins/com.st.stm32cube.ide.mcu.externaltools.gnu-tools-for-stm32.13.3.rel1.win32_1.0.0.202411081344/tools/bin/../lib/gcc/arm-none-eabi/13.3.1/../../../../arm-none-eabi/lib/thumb/v7e-m+fp/hard\libc_nano.a(libc_a-stdio.o) (_close_r)
C:/ST/STM32CubeIDE_1.19.0/STM32CubeIDE/plugins/com.st.stm32cube.ide.mcu.externaltools.gnu-tools-for-stm32.13.3.rel1.win32_1.0.0.202411081344/tools/bin/../lib/gcc/arm-none-eabi/13.3.1/../../../../arm-none-eabi/lib/thumb/v7e-m+fp/hard\libc_nano.a(libc_a-reent.o)
                              C:/ST/STM32CubeIDE_1.19.0/STM32CubeIDE/plugins/com.st.stm32cube.ide.mcu.externaltools.gnu-tools-for-stm32.13.3.rel1.win32_1.0.0.202411081344/tools/bin/../lib/gcc/arm-none-eabi/13.3.1/../../../../arm-none-eabi/lib/thumb/v7e-m+fp/hard\libc_nano.a(libc_a-closer.o) (errno)
C:/ST/STM32CubeIDE_1.19.0/STM32CubeIDE/plugins/com.st.stm32cube.ide.mcu.externaltools.gnu-tools-for-stm32.13.3.rel1.win32_1.0.0.202411081344/tools/bin/../lib/gcc/arm-none-eabi/13.3.1/../../../../arm-none-eabi/lib/thumb/v7e-m+fp/hard\libc_nano.a(libc_a-impure.o)
                              C:/ST/STM32CubeIDE_1.19.0/STM32CubeIDE/plugins/com.st.stm32cube.ide.mcu.externaltools.gnu-tools-for-stm32.13.3.rel1.win32_1.0.0.202411081344/tools/bin/../lib/gcc/arm-none-eabi/13.3.1/../../../../arm-none-eabi/lib/thumb/v7e-m+fp/hard\libc_nano.a(libc_a-sprintf.o) (_impure_ptr)
[...]
Memory Configuration

Name             Origin             Length             Attributes
CCMRAM           0x10000000         0x00010000         xrw
RAM              0x20000000         0x00030000         xrw
FLASH            0x08000000         0x00200000         xr
*default*        0x00000000         0xffffffff

Linker script and memory map

LOAD C:/ST/STM32CubeIDE_1.19.0/STM32CubeIDE/plugins/com.st.stm32cube.ide.mcu.externaltools.gnu-tools-for-stm32.13.3.rel1.win32_1.0.0.202411081344/tools/bin/../lib/gcc/arm-none-eabi/13.3.1/thumb/v7e-m+fp/hard/crti.o
LOAD C:/ST/STM32CubeIDE_1.19.0/STM32CubeIDE/plugins/com.st.stm32cube.ide.mcu.externaltools.gnu-tools-for-stm32.13.3.rel1.win32_1.0.0.202411081344/tools/bin/../lib/gcc/arm-none-eabi/13.3.1/thumb/v7e-m+fp/hard/crtbegin.o
LOAD C:/ST/STM32CubeIDE_1.19.0/STM32CubeIDE/plugins/com.st.stm32cube.ide.mcu.externaltools.gnu-tools-for-stm32.13.3.rel1.win32_1.0.0.202411081344/tools/bin/../lib/gcc/arm-none-eabi/13.3.1/../../../../arm-none-eabi/lib/thumb/v7e-m+fp/hard/crt0.o
LOAD ./Core/Src/buttons_logic.o
LOAD ./Core/Src/dice.o
LOAD ./Core/Src/display.o
LOAD ./Core/Src/game.o
LOAD ./Core/Src/main.o
LOAD ./Core/Src/menu.o
LOAD ./Core/Src/note.o
LOAD ./Core/Src/stm32f4xx_hal_msp.o
LOAD ./Core/Src/stm32f4xx_it.o
LOAD ./Core/Src/syscalls.o
LOAD ./Core/Src/sysmem.o
LOAD ./Core/Src/system_stm32f4xx.o
LOAD ./Core/Startup/startup_stm32f429zitx.o
LOAD ./Drivers/BSP/Components/cs43l22/cs43l22.o
LOAD ./Drivers/BSP/Components/exc7200/exc7200.o
LOAD ./Drivers/BSP/Components/ft6x06/ft6x06.o
LOAD ./Drivers/BSP/Components/ili9325/ili9325.o
LOAD ./Drivers/BSP/Components/ili9341/ili9341.o
LOAD ./Drivers/BSP/Components/l3gd20/l3gd20.o
LOAD ./Drivers/BSP/Components/lis302dl/lis302dl.o
LOAD ./Drivers/BSP/Components/lis3dsh/lis3dsh.o
LOAD ./Drivers/BSP/Components/ls016b8uy/ls016b8uy.o
LOAD ./Drivers/BSP/Components/lsm303dlhc/lsm303dlhc.o
LOAD ./Drivers/BSP/Components/mfxstm32l152/mfxstm32l152.o
LOAD ./Drivers/BSP/Components/otm8009a/otm8009a.o
LOAD ./Drivers/BSP/Components/ov2640/ov2640.o
LOAD ./Drivers/BSP/Components/s5k5cag/s5k5cag.o
LOAD ./Drivers/BSP/Components/st7735/st7735.o
LOAD ./Drivers/BSP/Components/st7789h2/st7789h2.o
LOAD ./Drivers/BSP/Components/stmpe1600/stmpe1600.o
LOAD ./Drivers/BSP/Components/stmpe811/stmpe811.o
LOAD ./Drivers/BSP/Components/ts3510/ts3510.o
LOAD ./Drivers/BSP/Components/wm8994/wm8994.o
LOAD ./Drivers/BSP/STM32F429I-Discovery/stm32f429i_discovery.o
LOAD ./Drivers/BSP/STM32F429I-Discovery/stm32f429i_discovery_eeprom.o
LOAD ./Drivers/BSP/STM32F429I-Discovery/stm32f429i_discovery_gyroscope.o
LOAD ./Drivers/BSP/STM32F429I-Discovery/stm32f429i_discovery_io.o
LOAD ./Drivers/BSP/STM32F429I-Discovery/stm32f429i_discovery_lcd.o
LOAD ./Drivers/BSP/STM32F429I-Discovery/stm32f429i_discovery_sdram.o
LOAD ./Drivers/BSP/STM32F429I-Discovery/stm32f429i_discovery_ts.o
LOAD ./Drivers/STM32F4xx_HAL_Driver/Src/stm32f4xx_hal.o
LOAD ./Drivers/STM32F4xx_HAL_Driver/Src/stm32f4xx_hal_adc.o
LOAD ./Drivers/STM32F4xx_HAL_Driver/Src/stm32f4xx_hal_adc_ex.o
LOAD ./Drivers/STM32F4xx_HAL_Driver/Src/stm32f4xx_hal_cortex.o
LOAD ./Drivers/STM32F4xx_HAL_Driver/Src/stm32f4xx_hal_dma.o
LOAD ./Drivers/STM32F4xx_HAL_Driver/Src/stm32f4xx_hal_dma2d.o
LOAD ./Drivers/STM32F4xx_HAL_Driver/Src/stm32f4xx_hal_dma_ex.o
LOAD ./Drivers/STM32F4xx_HAL_Driver/Src/stm32f4xx_hal_dsi.o
LOAD ./Drivers/STM32F4xx_HAL_Driver/Src/stm32f4xx_hal_exti.o
LOAD ./Drivers/STM32F4xx_HAL_Driver/Src/stm32f4xx_hal_flash.o
LOAD ./Drivers/STM32F4xx_HAL_Driver/Src/stm32f4xx_hal_flash_ex.o
LOAD ./Drivers/STM32F4xx_HAL_Driver/Src/stm32f4xx_hal_flash_ramfunc.o
LOAD ./Drivers/STM32F4xx_HAL_Driver/Src/stm32f4xx_hal_gpio.o
LOAD ./Drivers/STM32F4xx_HAL_Driver/Src/stm32f4xx_hal_i2c.o
LOAD ./Drivers/STM32F4xx_HAL_Driver/Src/stm32f4xx_hal_i2c_ex.o
LOAD ./Drivers/STM32F4xx_HAL_Driver/Src/stm32f4xx_hal_ltdc.o
LOAD ./Drivers/STM32F4xx_HAL_Driver/Src/stm32f4xx_hal_ltdc_ex.o
LOAD ./Drivers/STM32F4xx_HAL_Driver/Src/stm32f4xx_hal_nand.o
LOAD ./Drivers/STM32F4xx_HAL_Driver/Src/stm32f4xx_hal_nor.o
LOAD ./Drivers/STM32F4xx_HAL_Driver/Src/stm32f4xx_hal_pccard.o
LOAD ./Drivers/STM32F4xx_HAL_Driver/Src/stm32f4xx_hal_pwr.o
LOAD ./Drivers/STM32F4xx_HAL_Driver/Src/stm32f4xx_hal_pwr_ex.o
LOAD ./Drivers/STM32F4xx_HAL_Driver/Src/stm32f4xx_hal_rcc.o
LOAD ./Drivers/STM32F4xx_HAL_Driver/Src/stm32f4xx_hal_rcc_ex.o
LOAD ./Drivers/STM32F4xx_HAL_Driver/Src/stm32f4xx_hal_rng.o
LOAD ./Drivers/STM32F4xx_HAL_Driver/Src/stm32f4xx_hal_sdram.o
LOAD ./Drivers/STM32F4xx_HAL_Driver/Src/stm32f4xx_hal_spi.o
LOAD ./Drivers/STM32F4xx_HAL_Driver/Src/stm32f4xx_hal_sram.o
LOAD ./Drivers/STM32F4xx_HAL_Driver/Src/stm32f4xx_hal_tim.o
LOAD ./Drivers/STM32F4xx_HAL_Driver/Src/stm32f4xx_hal_tim_ex.o
LOAD ./Drivers/STM32F4xx_HAL_Driver/Src/stm32f4xx_ll_adc.o
LOAD ./Drivers/STM32F4xx_HAL_Driver/Src/stm32f4xx_ll_fmc.o
START GROUP
LOAD C:/ST/STM32CubeIDE_1.19.0/STM32CubeIDE/plugins/com.st.stm32cube.ide.mcu.externaltools.gnu-tools-for-stm32.13.3.rel1.win32_1.0.0.202411081344/tools/bin/../lib/gcc/arm-none-eabi/13.3.1/../../../../arm-none-eabi/lib/thumb/v7e-m+fp/hard\libc_nano.a
LOAD C:/ST/STM32CubeIDE_1.19.0/STM32CubeIDE/plugins/com.st.stm32cube.ide.mcu.externaltools.gnu-tools-for-stm32.13.3.rel1.win32_1.0.0.202411081344/tools/bin/../lib/gcc/arm-none-eabi/13.3.1/../../../../arm-none-eabi/lib/thumb/v7e-m+fp/hard\libm.a
END GROUP
START GROUP
LOAD C:/ST/STM32CubeIDE_1.19.0/STM32CubeIDE/plugins/com.st.stm32cube.ide.mcu.externaltools.gnu-tools-for-stm32.13.3.rel1.win32_1.0.0.202411081344/tools/bin/../lib/gcc/arm-none-eabi/13.3.1/thumb/v7e-m+fp/hard\libgcc.a
LOAD C:/ST/STM32CubeIDE_1.19.0/STM32CubeIDE/plugins/com.st.stm32cube.ide.mcu.externaltools.gnu-tools-for-stm32.13.3.rel1.win32_1.0.0.202411081344/tools/bin/../lib/gcc/arm-none-eabi/13.3.1/../../../../arm-none-eabi/lib/thumb/v7e-m+fp/hard\libc_nano.a
END GROUP
START GROUP
LOAD C:/ST/STM32CubeIDE_1.19.0/STM32CubeIDE/plugins/com.st.stm32cube.ide.mcu.externaltools.gnu-tools-for-stm32.13.3.rel1.win32_1.0.0.202411081344/tools/bin/../lib/gcc/arm-none-eabi/13.3.1/thumb/v7e-m+fp/hard\libgcc.a
LOAD C:/ST/STM32CubeIDE_1.19.0/STM32CubeIDE/plugins/com.st.stm32cube.ide.mcu.externaltools.gnu-tools-for-stm32.13.3.rel1.win32_1.0.0.202411081344/tools/bin/../lib/gcc/arm-none-eabi/13.3.1/../../../../arm-none-eabi/lib/thumb/v7e-m+fp/hard\libc_nano.a
LOAD C:/ST/STM32CubeIDE_1.19.0/STM32CubeIDE/plugins/com.st.stm32cube.ide.mcu.externaltools.gnu-tools-for-stm32.13.3.rel1.win32_1.0.0.202411081344/tools/bin/../lib/gcc/arm-none-eabi/13.3.1/../../../../arm-none-eabi/lib/thumb/v7e-m+fp/hard\libnosys.a
END GROUP
START GROUP
LOAD C:/ST/STM32CubeIDE_1.19.0/STM32CubeIDE/plugins/com.st.stm32cube.ide.mcu.externaltools.gnu-tools-for-stm32.13.3.rel1.win32_1.0.0.202411081344/tools/bin/../lib/gcc/arm-none-eabi/13.3.1/thumb/v7e-m+fp/hard\libgcc.a
LOAD C:/ST/STM32CubeIDE_1.19.0/STM32CubeIDE/plugins/com.st.stm32cube.ide.mcu.externaltools.gnu-tools-for-stm32.13.3.rel1.win32_1.0.0.202411081344/tools/bin/../lib/gcc/arm-none-eabi/13.3.1/../../../../arm-none-eabi/lib/thumb/v7e-m+fp/hard\libc_nano.a
LOAD C:/ST/STM32CubeIDE_1.19.0/STM32CubeIDE/plugins/com.st.stm32cube.ide.mcu.externaltools.gnu-tools-for-stm32.13.3.rel1.win32_1.0.0.202411081344/tools/bin/../lib/gcc/arm-none-eabi/13.3.1/../../../../arm-none-eabi/lib/thumb/v7e-m+fp/hard\libnosys.a
END GROUP
LOAD C:/ST/STM32CubeIDE_1.19.0/STM32CubeIDE/plugins/com.st.stm32cube.ide.mcu.externaltools.gnu-tools-for-stm32.13.3.rel1.win32_1.0.0.202411081344/tools/bin/../lib/gcc/arm-none-eabi/13.3.1/thumb/v7e-m+fp/hard/crtend.o
LOAD C:/ST/STM32CubeIDE_1.19.0/STM32CubeIDE/plugins/com.st.stm32cube.ide.mcu.externaltools.gnu-tools-for-stm32.13.3.rel1.win32_1.0.0.202411081344/tools/bin/../lib/gcc/arm-none-eabi/13.3.1/thumb/v7e-m+fp/hard/crtn.o
                0x20030000                        _estack = (ORIGIN (RAM) + LENGTH (RAM))
                0x00000200                        _Min_Heap_Size = 0x200
                0x00000400                        _Min_Stack_Size = 0x400

.isr_vector     0x08000000      0x1ac
                0x08000000                        . = ALIGN (0x4)
 *(.isr_vector)
 .isr_vector    0x08000000      0x1ac ./Core/Startup/startup_stm32f429zitx.o
                0x08000000                g_pfnVectors
                0x080001ac                        . = ALIGN (0x4)

.text           0x080001b0     0x9e74
                0x080001b0                        . = ALIGN (0x4)
 *(.text)
 .text          0x080001b0       0x40 C:/ST/STM32CubeIDE_1.19.0/STM32CubeIDE/plugins/com.st.stm32cube.ide.mcu.externaltools.gnu-tools-for-stm32.13.3.rel1.win32_1.0.0.202411081344/tools/bin/../lib/gcc/arm-none-eabi/13.3.1/thumb/v7e-m+fp/hard/crtbegin.o
 .text          0x080001f0       0xa0 C:/ST/STM32CubeIDE_1.19.0/STM32CubeIDE/plugins/com.st.stm32cube.ide.mcu.externaltools.gnu-tools-for-stm32.13.3.rel1.win32_1.0.0.202411081344/tools/bin/../lib/gcc/arm-none-eabi/13.3.1/../../../../arm-none-eabi/lib/thumb/v7e-m+fp/hard\libc_nano.a(libc_a-memchr.o)
                0x080001f0                memchr
 .text          0x08000290       0x30 C:/ST/STM32CubeIDE_1.19.0/STM32CubeIDE/plugins/com.st.stm32cube.ide.mcu.externaltools.gnu-tools-for-stm32.13.3.rel1.win32_1.0.0.202411081344/tools/bin/../lib/gcc/arm-none-eabi/13.3.1/thumb/v7e-m+fp/hard\libgcc.a(_aeabi_uldivmod.o)
                0x08000290                __aeabi_uldivmod
 .text          0x080002c0      0x2f8 C:/ST/STM32CubeIDE_1.19.0/STM32CubeIDE/plugins/com.st.stm32cube.ide.mcu.externaltools.gnu-tools-for-stm32.13.3.rel1.win32_1.0.0.202411081344/tools/bin/../lib/gcc/arm-none-eabi/13.3.1/thumb/v7e-m+fp/hard\libgcc.a(_udivmoddi4.o)
                0x080002c0                __udivmoddi4
 .text          0x080005b8        0x4 C:/ST/STM32CubeIDE_1.19.0/STM32CubeIDE/plugins/com.st.stm32cube.ide.mcu.externaltools.gnu-tools-for-stm32.13.3.rel1.win32_1.0.0.202411081344/tools/bin/../lib/gcc/arm-none-eabi/13.3.1/thumb/v7e-m+fp/hard\libgcc.a(_dvmd_tls.o)
                0x080005b8                __aeabi_idiv0
                0x080005b8                __aeabi_ldiv0
 *(.text*)
 .text.HAL_GPIO_EXTI_Callback
                0x080005bc      0x14c ./Core/Src/buttons_logic.o
                0x080005bc                HAL_GPIO_EXTI_Callback
 .text.Draw_Dice
                0x08000708      0x18a ./Core/Src/dice.o
                0x08000708                Draw_Dice
 *fill*         0x08000892        0x2 
 .text.Initialize_display
                0x08000894       0x58 ./Core/Src/display.o
                0x08000894                Initialize_display
 .text.Swap_And_Sync
                0x080008ec       0x94 ./Core/Src/display.o
                0x080008ec                Swap_And_Sync
 .text.HAL_LTDC_LineEventCallback
                0x08000980       0x20 ./Core/Src/display.o
                0x08000980                HAL_LTDC_LineEventCallback
 .text.Game_Background
                0x080009a0       0xb4 ./Core/Src/game.o
                0x080009a0                Game_Background
 .text.Draw_Numer_Of_Dices
                0x08000a54      0x14c ./Core/Src/game.o
                0x08000a54                Draw_Numer_Of_Dices
 .text.Blink_Dice
                0x08000ba0       0x58 ./Core/Src/game.o
                0x08000ba0                Blink_Dice
 .text.Mark_Dice
                0x08000bf8       0x80 ./Core/Src/game.o
                0x08000bf8                Mark_Dice
 .text.Remove_Dice_Mark
                0x08000c78       0x84 ./Core/Src/game.o
                0x08000c78                Remove_Dice_Mark
 .text.Score_Logic
                0x08000cfc      0x314 ./Core/Src/game.o
                0x08000cfc                Score_Logic
 .text.Update_Selected_Score
                0x08001010      0x184 ./Core/Src/game.o
                0x08001010                Update_Selected_Score
 .text.Initialize_Game
                0x08001194       0x10 ./Core/Src/game.o
                0x08001194                Initialize_Game
 .text.Reset_Game_State
                0x080011a4       0xa8 ./Core/Src/game.o
                0x080011a4                Reset_Game_State
 .text.Jinx_Graphics
                0x0800124c       0x9c ./Core/Src/game.o
                0x0800124c                Jinx_Graphics
 .text.Jinx_Logic
                0x080012e8       0x9c ./Core/Src/game.o
                0x080012e8                Jinx_Logic
 .text.Win_Screen
                0x08001384       0xe4 ./Core/Src/game.o
                0x08001384                Win_Screen
 .text.Win_Condition
                0x08001468       0x44 ./Core/Src/game.o
                0x08001468                Win_Condition
 .text.Game_Round
                0x080014ac      0x1ac ./Core/Src/game.o
                0x080014ac                Game_Round
 .text.main     0x08001658       0xa0 ./Core/Src/main.o
                0x08001658                main
 .text.SystemClock_Config
                0x080016f8       0xd8 ./Core/Src/main.o
                0x080016f8                SystemClock_Config
 .text.MX_ADC1_Init
                0x080017d0       0xa4 ./Core/Src/main.o
 .text.MX_DMA2D_Init
                0x08001874       0x64 ./Core/Src/main.o
 .text.MX_I2C3_Init
                0x080018d8       0x80 ./Core/Src/main.o
 .text.MX_LTDC_Init
                0x08001958      0x164 ./Core/Src/main.o
 .text.MX_RNG_Init
                0x08001abc       0x28 ./Core/Src/main.o
 .text.MX_SPI5_Init
                0x08001ae4       0x6c ./Core/Src/main.o
 .text.MX_TIM2_Init
                0x08001b50       0x98 ./Core/Src/main.o
 .text.MX_TIM3_Init
                0x08001be8       0xb4 ./Core/Src/main.o
 .text.MX_FMC_Init
                0x08001c9c       0x9c ./Core/Src/main.o
 .text.MX_GPIO_Init
                0x08001d38      0x1a0 ./Core/Src/main.o
 .text.Error_Handler
                0x08001ed8        0xc ./Core/Src/main.o
                0x08001ed8                Error_Handler
 .text.Draw_Menu_Dice
                0x08001ee4       0x88 ./Core/Src/menu.o
                0x08001ee4                Draw_Menu_Dice
 .text.Draw_Menu_Background
                0x08001f6c       0xcc ./Core/Src/menu.o
                0x08001f6c                Draw_Menu_Background
 .text.Start_Menu
                0x08002038       0x78 ./Core/Src/menu.o
                0x08002038                Start_Menu
 .text.Change_Melody
                0x080020b0       0x40 ./Core/Src/note.o
                0x080020b0                Change_Melody
 .text.Bpm_Scale
                0x080020f0       0x3a ./Core/Src/note.o
                0x080020f0                Bpm_Scale
 .text.Scale_Melody
                0x0800212a       0x7a ./Core/Src/note.o
                0x0800212a                Scale_Melody
 .text.Set_Tone
                0x080021a4       0x48 ./Core/Src/note.o
                0x080021a4                Set_Tone
 .text.Read_From_ADC
                0x080021ec       0x60 ./Core/Src/note.o
                0x080021ec                Read_From_ADC
 .text.HAL_TIM_PeriodElapsedCallback
                0x0800224c       0xb8 ./Core/Src/note.o
                0x0800224c                HAL_TIM_PeriodElapsedCallback
 .text.HAL_MspInit
                0x08002304       0x50 ./Core/Src/stm32f4xx_hal_msp.o
                0x08002304                HAL_MspInit
 .text.HAL_ADC_MspInit
                0x08002354       0x88 ./Core/Src/stm32f4xx_hal_msp.o
                0x08002354                HAL_ADC_MspInit
 .text.HAL_DMA2D_MspInit
                0x080023dc       0x44 ./Core/Src/stm32f4xx_hal_msp.o
                0x080023dc                HAL_DMA2D_MspInit
 .text.HAL_I2C_MspInit
                0x08002420       0xd4 ./Core/Src/stm32f4xx_hal_msp.o
                0x08002420                HAL_I2C_MspInit
 .text.HAL_LTDC_MspInit
                0x080024f4      0x260 ./Core/Src/stm32f4xx_hal_msp.o
                0x080024f4                HAL_LTDC_MspInit
 .text.HAL_RNG_MspInit
                0x08002754       0x44 ./Core/Src/stm32f4xx_hal_msp.o
                0x08002754                HAL_RNG_MspInit
 .text.HAL_SPI_MspInit
                0x08002798       0x90 ./Core/Src/stm32f4xx_hal_msp.o
                0x08002798                HAL_SPI_MspInit
 .text.HAL_SPI_MspDeInit
                0x08002828       0x3c ./Core/Src/stm32f4xx_hal_msp.o
                0x08002828                HAL_SPI_MspDeInit
 .text.HAL_TIM_Base_MspInit
                0x08002864       0x4c ./Core/Src/stm32f4xx_hal_msp.o
                0x08002864                HAL_TIM_Base_MspInit
 .text.HAL_TIM_PWM_MspInit
                0x080028b0       0x44 ./Core/Src/stm32f4xx_hal_msp.o
                0x080028b0                HAL_TIM_PWM_MspInit
 .text.HAL_TIM_MspPostInit
                0x080028f4       0x74 ./Core/Src/stm32f4xx_hal_msp.o
                0x080028f4                HAL_TIM_MspPostInit
 .text.HAL_FMC_MspInit
                0x08002968      0x124 ./Core/Src/stm32f4xx_hal_msp.o
 .text.HAL_SDRAM_MspInit
                0x08002a8c       0x14 ./Core/Src/stm32f4xx_hal_msp.o
                0x08002a8c                HAL_SDRAM_MspInit
 .text.NMI_Handler
                0x08002aa0        0x8 ./Core/Src/stm32f4xx_it.o
                0x08002aa0                NMI_Handler
 .text.HardFault_Handler
                0x08002aa8        0x8 ./Core/Src/stm32f4xx_it.o
                0x08002aa8                HardFault_Handler
 .text.MemManage_Handler
                0x08002ab0        0x8 ./Core/Src/stm32f4xx_it.o
                0x08002ab0                MemManage_Handler
 .text.BusFault_Handler
                0x08002ab8        0x8 ./Core/Src/stm32f4xx_it.o
                0x08002ab8                BusFault_Handler
 .text.UsageFault_Handler
                0x08002ac0        0x8 ./Core/Src/stm32f4xx_it.o
                0x08002ac0                UsageFault_Handler
 .text.SVC_Handler
                0x08002ac8        0xe ./Core/Src/stm32f4xx_it.o
                0x08002ac8                SVC_Handler
 .text.DebugMon_Handler
                0x08002ad6        0xe ./Core/Src/stm32f4xx_it.o
                0x08002ad6                DebugMon_Handler
 .text.PendSV_Handler
                0x08002ae4        0xe ./Core/Src/stm32f4xx_it.o
                0x08002ae4                PendSV_Handler
 .text.SysTick_Handler
                0x08002af2        0xc ./Core/Src/stm32f4xx_it.o
                0x08002af2                SysTick_Handler
 .text.EXTI0_IRQHandler
                0x08002afe        0xe ./Core/Src/stm32f4xx_it.o
                0x08002afe                EXTI0_IRQHandler
 .text.EXTI4_IRQHandler
                0x08002b0c        0xe ./Core/Src/stm32f4xx_it.o
                0x08002b0c                EXTI4_IRQHandler
 .text.EXTI9_5_IRQHandler
                0x08002b1a        0xe ./Core/Src/stm32f4xx_it.o
                0x08002b1a                EXTI9_5_IRQHandler
 .text.TIM2_IRQHandler
                0x08002b28       0x14 ./Core/Src/stm32f4xx_it.o
                0x08002b28                TIM2_IRQHandler
 .text.EXTI15_10_IRQHandler
                0x08002b3c       0x18 ./Core/Src/stm32f4xx_it.o
                0x08002b3c                EXTI15_10_IRQHandler
 .text.LTDC_IRQHandler
                0x08002b54       0x14 ./Core/Src/stm32f4xx_it.o
                0x08002b54                LTDC_IRQHandler
 .text._sbrk    0x08002b68       0x6c ./Core/Src/sysmem.o
                0x08002b68                _sbrk
 .text.SystemInit
                0x08002bd4       0x24 ./Core/Src/system_stm32f4xx.o
                0x08002bd4                SystemInit
 .text.Reset_Handler
                0x08002bf8       0x50 ./Core/Startup/startup_stm32f429zitx.o
                0x08002bf8                Reset_Handler
 .text.Default_Handler
                0x08002c48        0x2 ./Core/Startup/startup_stm32f429zitx.o
                0x08002c48                RTC_Alarm_IRQHandler
                0x08002c48                HASH_RNG_IRQHandler
                0x08002c48                EXTI2_IRQHandler
                0x08002c48                TIM8_CC_IRQHandler
                0x08002c48                UART8_IRQHandler
                0x08002c48                SPI4_IRQHandler
                0x08002c48                TIM1_CC_IRQHandler
                0x08002c48                DMA2_Stream5_IRQHandler
                0x08002c48                DMA1_Stream5_IRQHandler
                0x08002c48                PVD_IRQHandler
                0x08002c48                SDIO_IRQHandler
                0x08002c48                TAMP_STAMP_IRQHandler
                0x08002c48                CAN2_RX1_IRQHandler
                0x08002c48                EXTI3_IRQHandler
                0x08002c48                TIM8_TRG_COM_TIM14_IRQHandler
                0x08002c48                TIM1_UP_TIM10_IRQHandler
                0x08002c48                TIM8_UP_TIM13_IRQHandler
                0x08002c48                I2C3_ER_IRQHandler
                0x08002c48                I2C2_EV_IRQHandler
                0x08002c48                DMA1_Stream2_IRQHandler
                0x08002c48                CAN1_RX0_IRQHandler
                0x08002c48                FPU_IRQHandler
                0x08002c48                OTG_HS_WKUP_IRQHandler
                0x08002c48                LTDC_ER_IRQHandler
                0x08002c48                CAN2_SCE_IRQHandler
                0x08002c48                DMA2_Stream2_IRQHandler
                0x08002c48                SPI1_IRQHandler
                0x08002c48                TIM6_DAC_IRQHandler
                0x08002c48                TIM1_BRK_TIM9_IRQHandler
                0x08002c48                DCMI_IRQHandler
                0x08002c48                CAN2_RX0_IRQHandler
                0x08002c48                DMA2_Stream3_IRQHandler
                0x08002c48                USART6_IRQHandler
                0x08002c48                USART3_IRQHandler
                0x08002c48                CAN1_RX1_IRQHandler
                0x08002c48                UART5_IRQHandler
                0x08002c48                DMA2_Stream0_IRQHandler
                0x08002c48                TIM4_IRQHandler
                0x08002c48                I2C1_EV_IRQHandler
                0x08002c48                DMA1_Stream6_IRQHandler
                0x08002c48                DMA1_Stream1_IRQHandler
                0x08002c48                UART4_IRQHandler
                0x08002c48                TIM3_IRQHandler
                0x08002c48                RCC_IRQHandler
                0x08002c48                TIM8_BRK_TIM12_IRQHandler
                0x08002c48                Default_Handler
                0x08002c48                ADC_IRQHandler
                0x08002c48                DMA1_Stream7_IRQHandler
                0x08002c48                SPI5_IRQHandler
                0x08002c48                TIM7_IRQHandler
                0x08002c48                CAN2_TX_IRQHandler
                0x08002c48                TIM5_IRQHandler
                0x08002c48                DMA2_Stream7_IRQHandler
                0x08002c48                I2C3_EV_IRQHandler
                0x08002c48                RTC_WKUP_IRQHandler
                0x08002c48                ETH_WKUP_IRQHandler
                0x08002c48                SPI2_IRQHandler
                0x08002c48                OTG_HS_EP1_IN_IRQHandler
                0x08002c48                DMA1_Stream0_IRQHandler
                0x08002c48                CAN1_TX_IRQHandler
                0x08002c48                ETH_IRQHandler
                0x08002c48                OTG_HS_EP1_OUT_IRQHandler
                0x08002c48                WWDG_IRQHandler
                0x08002c48                SPI6_IRQHandler
                0x08002c48                OTG_FS_WKUP_IRQHandler
                0x08002c48                TIM1_TRG_COM_TIM11_IRQHandler
                0x08002c48                OTG_HS_IRQHandler
                0x08002c48                DMA2D_IRQHandler
                0x08002c48                EXTI1_IRQHandler
                0x08002c48                UART7_IRQHandler
                0x08002c48                USART2_IRQHandler
                0x08002c48                I2C2_ER_IRQHandler
                0x08002c48                DMA2_Stream1_IRQHandler
                0x08002c48                CAN1_SCE_IRQHandler
                0x08002c48                FLASH_IRQHandler
                0x08002c48                DMA2_Stream4_IRQHandler
                0x08002c48                USART1_IRQHandler
                0x08002c48                OTG_FS_IRQHandler
                0x08002c48                SPI3_IRQHandler
                0x08002c48                DMA1_Stream4_IRQHandler
                0x08002c48                I2C1_ER_IRQHandler
                0x08002c48                FMC_IRQHandler
                0x08002c48                DMA2_Stream6_IRQHandler
                0x08002c48                SAI1_IRQHandler
                0x08002c48                DMA1_Stream3_IRQHandler
 .text.ili9341_Init
                0x08002c4a      0x294 ./Drivers/BSP/Components/ili9341/ili9341.o
                0x08002c4a                ili9341_Init
 .text.ili9341_ReadID
                0x08002ede       0x18 ./Drivers/BSP/Components/ili9341/ili9341.o
                0x08002ede                ili9341_ReadID
 .text.ili9341_DisplayOn
                0x08002ef6        0xe ./Drivers/BSP/Components/ili9341/ili9341.o
                0x08002ef6                ili9341_DisplayOn
 .text.ili9341_DisplayOff
                0x08002f04        0xe ./Drivers/BSP/Components/ili9341/ili9341.o
                0x08002f04                ili9341_DisplayOff
 .text.ili9341_WriteReg
                0x08002f12       0x1a ./Drivers/BSP/Components/ili9341/ili9341.o
                0x08002f12                ili9341_WriteReg
 .text.ili9341_WriteData
                0x08002f2c       0x1a ./Drivers/BSP/Components/ili9341/ili9341.o
                0x08002f2c                ili9341_WriteData
 .text.ili9341_ReadData
                0x08002f46       0x26 ./Drivers/BSP/Components/ili9341/ili9341.o
                0x08002f46                ili9341_ReadData
 .text.ili9341_GetLcdPixelWidth
                0x08002f6c       0x10 ./Drivers/BSP/Components/ili9341/ili9341.o
                0x08002f6c                ili9341_GetLcdPixelWidth
 .text.ili9341_GetLcdPixelHeight
                0x08002f7c       0x12 ./Drivers/BSP/Components/ili9341/ili9341.o
                0x08002f7c                ili9341_GetLcdPixelHeight
 *fill*         0x08002f8e        0x2 
 .text.SPIx_Init
                0x08002f90       0x74 ./Drivers/BSP/STM32F429I-Discovery/stm32f429i_discovery.o
 .text.SPIx_Read
                0x08003004       0x40 ./Drivers/BSP/STM32F429I-Discovery/stm32f429i_discovery.o
 .text.SPIx_Write
                0x08003044       0x3c ./Drivers/BSP/STM32F429I-Discovery/stm32f429i_discovery.o
 .text.SPIx_Error
                0x08003080       0x18 ./Drivers/BSP/STM32F429I-Discovery/stm32f429i_discovery.o
 .text.SPIx_MspInit
                0x08003098       0x74 ./Drivers/BSP/STM32F429I-Discovery/stm32f429i_discovery.o
 .text.LCD_IO_Init
                0x0800310c       0xf0 ./Drivers/BSP/STM32F429I-Discovery/stm32f429i_discovery.o
                0x0800310c                LCD_IO_Init
 .text.LCD_IO_WriteData
                0x080031fc       0x44 ./Drivers/BSP/STM32F429I-Discovery/stm32f429i_discovery.o
                0x080031fc                LCD_IO_WriteData
 .text.LCD_IO_WriteReg
                0x08003240       0x44 ./Drivers/BSP/STM32F429I-Discovery/stm32f429i_discovery.o
                0x08003240                LCD_IO_WriteReg
 .text.LCD_IO_ReadData
                0x08003284       0x64 ./Drivers/BSP/STM32F429I-Discovery/stm32f429i_discovery.o
                0x08003284                LCD_IO_ReadData
 .text.LCD_Delay
                0x080032e8       0x16 ./Drivers/BSP/STM32F429I-Discovery/stm32f429i_discovery.o
                0x080032e8                LCD_Delay
 *fill*         0x080032fe        0x2 
 .text.BSP_LCD_Init
                0x08003300       0xd4 ./Drivers/BSP/STM32F429I-Discovery/stm32f429i_discovery_lcd.o
                0x08003300                BSP_LCD_Init
 .text.BSP_LCD_GetXSize
                0x080033d4       0x18 ./Drivers/BSP/STM32F429I-Discovery/stm32f429i_discovery_lcd.o
                0x080033d4                BSP_LCD_GetXSize
 .text.BSP_LCD_GetYSize
                0x080033ec       0x18 ./Drivers/BSP/STM32F429I-Discovery/stm32f429i_discovery_lcd.o
                0x080033ec                BSP_LCD_GetYSize
 .text.BSP_LCD_LayerDefaultInit
                0x08003404       0xc8 ./Drivers/BSP/STM32F429I-Discovery/stm32f429i_discovery_lcd.o
                0x08003404                BSP_LCD_LayerDefaultInit
 .text.BSP_LCD_SelectLayer
                0x080034cc       0x20 ./Drivers/BSP/STM32F429I-Discovery/stm32f429i_discovery_lcd.o
                0x080034cc                BSP_LCD_SelectLayer
 .text.BSP_LCD_SetLayerVisible
                0x080034ec       0x7c ./Drivers/BSP/STM32F429I-Discovery/stm32f429i_discovery_lcd.o
                0x080034ec                BSP_LCD_SetLayerVisible
 .text.BSP_LCD_SetTextColor
                0x08003568       0x30 ./Drivers/BSP/STM32F429I-Discovery/stm32f429i_discovery_lcd.o
                0x08003568                BSP_LCD_SetTextColor
 .text.BSP_LCD_SetBackColor
                0x08003598       0x34 ./Drivers/BSP/STM32F429I-Discovery/stm32f429i_discovery_lcd.o
                0x08003598                BSP_LCD_SetBackColor
 .text.BSP_LCD_SetFont
                0x080035cc       0x34 ./Drivers/BSP/STM32F429I-Discovery/stm32f429i_discovery_lcd.o
                0x080035cc                BSP_LCD_SetFont
 .text.BSP_LCD_Clear
                0x08003600       0x50 ./Drivers/BSP/STM32F429I-Discovery/stm32f429i_discovery_lcd.o
                0x08003600                BSP_LCD_Clear
 .text.BSP_LCD_DisplayChar
                0x08003650       0x88 ./Drivers/BSP/STM32F429I-Discovery/stm32f429i_discovery_lcd.o
                0x08003650                BSP_LCD_DisplayChar
 .text.BSP_LCD_DisplayStringAt
                0x080036d8      0x17c ./Drivers/BSP/STM32F429I-Discovery/stm32f429i_discovery_lcd.o
                0x080036d8                BSP_LCD_DisplayStringAt
 .text.BSP_LCD_DrawHLine
                0x08003854       0x7c ./Drivers/BSP/STM32F429I-Discovery/stm32f429i_discovery_lcd.o
                0x08003854                BSP_LCD_DrawHLine
 .text.BSP_LCD_DrawVLine
                0x080038d0       0x84 ./Drivers/BSP/STM32F429I-Discovery/stm32f429i_discovery_lcd.o
                0x080038d0                BSP_LCD_DrawVLine
 .text.BSP_LCD_DrawRect
                0x08003954       0x62 ./Drivers/BSP/STM32F429I-Discovery/stm32f429i_discovery_lcd.o
                0x08003954                BSP_LCD_DrawRect
 *fill*         0x080039b6        0x2 
 .text.BSP_LCD_DrawCircle
                0x080039b8      0x1d4 ./Drivers/BSP/STM32F429I-Discovery/stm32f429i_discovery_lcd.o
                0x080039b8                BSP_LCD_DrawCircle
 .text.BSP_LCD_FillRect
                0x08003b8c       0xb4 ./Drivers/BSP/STM32F429I-Discovery/stm32f429i_discovery_lcd.o
                0x08003b8c                BSP_LCD_FillRect
 .text.BSP_LCD_FillCircle
                0x08003c40      0x140 ./Drivers/BSP/STM32F429I-Discovery/stm32f429i_discovery_lcd.o
                0x08003c40                BSP_LCD_FillCircle
 .text.BSP_LCD_MspInit
                0x08003d80      0x1ac ./Drivers/BSP/STM32F429I-Discovery/stm32f429i_discovery_lcd.o
                0x08003d80                BSP_LCD_MspInit
 .text.BSP_LCD_DrawPixel
                0x08003f2c       0x4c ./Drivers/BSP/STM32F429I-Discovery/stm32f429i_discovery_lcd.o
                0x08003f2c                BSP_LCD_DrawPixel
 .text.DrawChar
                0x08003f78      0x174 ./Drivers/BSP/STM32F429I-Discovery/stm32f429i_discovery_lcd.o
 .text.FillBuffer
                0x080040ec       0x70 ./Drivers/BSP/STM32F429I-Discovery/stm32f429i_discovery_lcd.o
 .text.BSP_SDRAM_Init
                0x0800415c       0xbc ./Drivers/BSP/STM32F429I-Discovery/stm32f429i_discovery_sdram.o
                0x0800415c                BSP_SDRAM_Init
 .text.BSP_SDRAM_Initialization_sequence
                0x08004218       0xc0 ./Drivers/BSP/STM32F429I-Discovery/stm32f429i_discovery_sdram.o
                0x08004218                BSP_SDRAM_Initialization_sequence
 .text.BSP_SDRAM_MspInit
                0x080042d8      0x218 ./Drivers/BSP/STM32F429I-Discovery/stm32f429i_discovery_sdram.o
                0x080042d8                BSP_SDRAM_MspInit
 .text.HAL_Init
                0x080044f0       0x44 ./Drivers/STM32F4xx_HAL_Driver/Src/stm32f4xx_hal.o
                0x080044f0                HAL_Init
 .text.HAL_InitTick
                0x08004534       0x60 ./Drivers/STM32F4xx_HAL_Driver/Src/stm32f4xx_hal.o
                0x08004534                HAL_InitTick
 .text.HAL_IncTick
                0x08004594       0x28 ./Drivers/STM32F4xx_HAL_Driver/Src/stm32f4xx_hal.o
                0x08004594                HAL_IncTick
 .text.HAL_GetTick
                0x080045bc       0x18 ./Drivers/STM32F4xx_HAL_Driver/Src/stm32f4xx_hal.o
                0x080045bc                HAL_GetTick
 .text.HAL_Delay
                0x080045d4       0x48 ./Drivers/STM32F4xx_HAL_Driver/Src/stm32f4xx_hal.o
                0x080045d4                HAL_Delay
 .text.HAL_ADC_Init
                0x0800461c       0x86 ./Drivers/STM32F4xx_HAL_Driver/Src/stm32f4xx_hal_adc.o
                0x0800461c                HAL_ADC_Init
 *fill*         0x080046a2        0x2 
 .text.HAL_ADC_Start
                0x080046a4      0x1a4 ./Drivers/STM32F4xx_HAL_Driver/Src/stm32f4xx_hal_adc.o
                0x080046a4                HAL_ADC_Start
 .text.HAL_ADC_Stop
                0x08004848       0x66 ./Drivers/STM32F4xx_HAL_Driver/Src/stm32f4xx_hal_adc.o
                0x08004848                HAL_ADC_Stop
 .text.HAL_ADC_PollForConversion
                0x080048ae      0x116 ./Drivers/STM32F4xx_HAL_Driver/Src/stm32f4xx_hal_adc.o
                0x080048ae                HAL_ADC_PollForConversion
 .text.HAL_ADC_GetValue
                0x080049c4       0x1a ./Drivers/STM32F4xx_HAL_Driver/Src/stm32f4xx_hal_adc.o
                0x080049c4                HAL_ADC_GetValue
 *fill*         0x080049de        0x2 
 .text.HAL_ADC_ConfigChannel
                0x080049e0      0x264 ./Drivers/STM32F4xx_HAL_Driver/Src/stm32f4xx_hal_adc.o
                0x080049e0                HAL_ADC_ConfigChannel
 .text.ADC_Init
                0x08004c44      0x1f8 ./Drivers/STM32F4xx_HAL_Driver/Src/stm32f4xx_hal_adc.o
 .text.__NVIC_SetPriorityGrouping
                0x08004e3c       0x48 ./Drivers/STM32F4xx_HAL_Driver/Src/stm32f4xx_hal_cortex.o
 .text.__NVIC_GetPriorityGrouping
                0x08004e84       0x1c ./Drivers/STM32F4xx_HAL_Driver/Src/stm32f4xx_hal_cortex.o
 .text.__NVIC_EnableIRQ
                0x08004ea0       0x3c ./Drivers/STM32F4xx_HAL_Driver/Src/stm32f4xx_hal_cortex.o
 .text.__NVIC_SetPriority
                0x08004edc       0x54 ./Drivers/STM32F4xx_HAL_Driver/Src/stm32f4xx_hal_cortex.o
 .text.NVIC_EncodePriority
                0x08004f30       0x66 ./Drivers/STM32F4xx_HAL_Driver/Src/stm32f4xx_hal_cortex.o
 *fill*         0x08004f96        0x2 
 .text.SysTick_Config
                0x08004f98       0x44 ./Drivers/STM32F4xx_HAL_Driver/Src/stm32f4xx_hal_cortex.o
 .text.HAL_NVIC_SetPriorityGrouping
                0x08004fdc       0x16 ./Drivers/STM32F4xx_HAL_Driver/Src/stm32f4xx_hal_cortex.o
                0x08004fdc                HAL_NVIC_SetPriorityGrouping
 .text.HAL_NVIC_SetPriority
                0x08004ff2       0x38 ./Drivers/STM32F4xx_HAL_Driver/Src/stm32f4xx_hal_cortex.o
                0x08004ff2                HAL_NVIC_SetPriority
 .text.HAL_NVIC_EnableIRQ
                0x0800502a       0x1c ./Drivers/STM32F4xx_HAL_Driver/Src/stm32f4xx_hal_cortex.o
                0x0800502a                HAL_NVIC_EnableIRQ
 .text.HAL_SYSTICK_Config
                0x08005046       0x18 ./Drivers/STM32F4xx_HAL_Driver/Src/stm32f4xx_hal_cortex.o
                0x08005046                HAL_SYSTICK_Config
 *fill*         0x0800505e        0x2 
 .text.HAL_DMA_Init
                0x08005060      0x15c ./Drivers/STM32F4xx_HAL_Driver/Src/stm32f4xx_hal_dma.o
                0x08005060                HAL_DMA_Init
 .text.HAL_DMA_DeInit
                0x080051bc       0xbc ./Drivers/STM32F4xx_HAL_Driver/Src/stm32f4xx_hal_dma.o
                0x080051bc                HAL_DMA_DeInit
 .text.DMA_CalcBaseAndBitshift
                0x08005278       0x6c ./Drivers/STM32F4xx_HAL_Driver/Src/stm32f4xx_hal_dma.o
 .text.DMA_CheckFifoParam
                0x080052e4       0xf8 ./Drivers/STM32F4xx_HAL_Driver/Src/stm32f4xx_hal_dma.o
 .text.HAL_DMA2D_Init
                0x080053dc       0x92 ./Drivers/STM32F4xx_HAL_Driver/Src/stm32f4xx_hal_dma2d.o
                0x080053dc                HAL_DMA2D_Init
 .text.HAL_DMA2D_Start
                0x0800546e       0x56 ./Drivers/STM32F4xx_HAL_Driver/Src/stm32f4xx_hal_dma2d.o
                0x0800546e                HAL_DMA2D_Start
 .text.HAL_DMA2D_PollForTransfer
                0x080054c4      0x1d2 ./Drivers/STM32F4xx_HAL_Driver/Src/stm32f4xx_hal_dma2d.o
                0x080054c4                HAL_DMA2D_PollForTransfer
 *fill*         0x08005696        0x2 
 .text.HAL_DMA2D_ConfigLayer
                0x08005698      0x124 ./Drivers/STM32F4xx_HAL_Driver/Src/stm32f4xx_hal_dma2d.o
                0x08005698                HAL_DMA2D_ConfigLayer
 .text.DMA2D_SetConfig
                0x080057bc      0x138 ./Drivers/STM32F4xx_HAL_Driver/Src/stm32f4xx_hal_dma2d.o
 .text.HAL_GPIO_Init
                0x080058f4      0x358 ./Drivers/STM32F4xx_HAL_Driver/Src/stm32f4xx_hal_gpio.o
                0x080058f4                HAL_GPIO_Init
 .text.HAL_GPIO_DeInit
                0x08005c4c      0x218 ./Drivers/STM32F4xx_HAL_Driver/Src/stm32f4xx_hal_gpio.o
                0x08005c4c                HAL_GPIO_DeInit
 .text.HAL_GPIO_WritePin
                0x08005e64       0x32 ./Drivers/STM32F4xx_HAL_Driver/Src/stm32f4xx_hal_gpio.o
                0x08005e64                HAL_GPIO_WritePin
 *fill*         0x08005e96        0x2 
 .text.HAL_GPIO_EXTI_IRQHandler
                0x08005e98       0x30 ./Drivers/STM32F4xx_HAL_Driver/Src/stm32f4xx_hal_gpio.o
                0x08005e98                HAL_GPIO_EXTI_IRQHandler
 .text.HAL_I2C_Init
                0x08005ec8      0x288 ./Drivers/STM32F4xx_HAL_Driver/Src/stm32f4xx_hal_i2c.o
                0x08005ec8                HAL_I2C_Init
 .text.HAL_I2CEx_ConfigAnalogFilter
                0x08006150       0x78 ./Drivers/STM32F4xx_HAL_Driver/Src/stm32f4xx_hal_i2c_ex.o
                0x08006150                HAL_I2CEx_ConfigAnalogFilter
 .text.HAL_I2CEx_ConfigDigitalFilter
                0x080061c8       0x7e ./Drivers/STM32F4xx_HAL_Driver/Src/stm32f4xx_hal_i2c_ex.o
                0x080061c8                HAL_I2CEx_ConfigDigitalFilter
 .text.HAL_LTDC_Init
                0x08006246      0x13a ./Drivers/STM32F4xx_HAL_Driver/Src/stm32f4xx_hal_ltdc.o
                0x08006246                HAL_LTDC_Init
 .text.HAL_LTDC_IRQHandler
                0x08006380      0x148 ./Drivers/STM32F4xx_HAL_Driver/Src/stm32f4xx_hal_ltdc.o
                0x08006380                HAL_LTDC_IRQHandler
 .text.HAL_LTDC_ErrorCallback
                0x080064c8       0x14 ./Drivers/STM32F4xx_HAL_Driver/Src/stm32f4xx_hal_ltdc.o
                0x080064c8                HAL_LTDC_ErrorCallback
 .text.HAL_LTDC_ReloadEventCallback
                0x080064dc       0x14 ./Drivers/STM32F4xx_HAL_Driver/Src/stm32f4xx_hal_ltdc.o
                0x080064dc                HAL_LTDC_ReloadEventCallback
 .text.HAL_LTDC_ConfigLayer
                0x080064f0       0x7c ./Drivers/STM32F4xx_HAL_Driver/Src/stm32f4xx_hal_ltdc.o
                0x080064f0                HAL_LTDC_ConfigLayer
 .text.HAL_LTDC_EnableDither
                0x0800656c       0x54 ./Drivers/STM32F4xx_HAL_Driver/Src/stm32f4xx_hal_ltdc.o
                0x0800656c                HAL_LTDC_EnableDither
 .text.HAL_LTDC_ProgramLineEvent
                0x080065c0       0x70 ./Drivers/STM32F4xx_HAL_Driver/Src/stm32f4xx_hal_ltdc.o
                0x080065c0                HAL_LTDC_ProgramLineEvent
 .text.HAL_LTDC_Reload
                0x08006630       0x5e ./Drivers/STM32F4xx_HAL_Driver/Src/stm32f4xx_hal_ltdc.o
                0x08006630                HAL_LTDC_Reload
 .text.LTDC_SetConfig
                0x0800668e      0x2e6 ./Drivers/STM32F4xx_HAL_Driver/Src/stm32f4xx_hal_ltdc.o
 .text.HAL_RCC_OscConfig
                0x08006974      0x4f0 ./Drivers/STM32F4xx_HAL_Driver/Src/stm32f4xx_hal_rcc.o
                0x08006974                HAL_RCC_OscConfig
 .text.HAL_RCC_ClockConfig
                0x08006e64      0x1cc ./Drivers/STM32F4xx_HAL_Driver/Src/stm32f4xx_hal_rcc.o
                0x08006e64                HAL_RCC_ClockConfig
 .text.HAL_RCC_GetSysClockFreq
                0x08007030      0x20c ./Drivers/STM32F4xx_HAL_Driver/Src/stm32f4xx_hal_rcc.o
                0x08007030                HAL_RCC_GetSysClockFreq
 .text.HAL_RCC_GetHCLKFreq
                0x0800723c       0x18 ./Drivers/STM32F4xx_HAL_Driver/Src/stm32f4xx_hal_rcc.o
                0x0800723c                HAL_RCC_GetHCLKFreq
 .text.HAL_RCC_GetPCLK1Freq
                0x08007254       0x28 ./Drivers/STM32F4xx_HAL_Driver/Src/stm32f4xx_hal_rcc.o
                0x08007254                HAL_RCC_GetPCLK1Freq
 .text.HAL_RCCEx_PeriphCLKConfig
                0x0800727c      0x380 ./Drivers/STM32F4xx_HAL_Driver/Src/stm32f4xx_hal_rcc_ex.o
                0x0800727c                HAL_RCCEx_PeriphCLKConfig
 .text.HAL_RNG_Init
                0x080075fc       0x54 ./Drivers/STM32F4xx_HAL_Driver/Src/stm32f4xx_hal_rng.o
                0x080075fc                HAL_RNG_Init
 .text.HAL_RNG_GenerateRandomNumber
                0x08007650       0xac ./Drivers/STM32F4xx_HAL_Driver/Src/stm32f4xx_hal_rng.o
                0x08007650                HAL_RNG_GenerateRandomNumber
 .text.HAL_RNG_GetRandomNumber
                0x080076fc       0x2a ./Drivers/STM32F4xx_HAL_Driver/Src/stm32f4xx_hal_rng.o
                0x080076fc                HAL_RNG_GetRandomNumber
 .text.HAL_SDRAM_Init
                0x08007726       0x68 ./Drivers/STM32F4xx_HAL_Driver/Src/stm32f4xx_hal_sdram.o
                0x08007726                HAL_SDRAM_Init
 .text.HAL_SDRAM_SendCommand
                0x0800778e       0x6a ./Drivers/STM32F4xx_HAL_Driver/Src/stm32f4xx_hal_sdram.o
                0x0800778e                HAL_SDRAM_SendCommand
 .text.HAL_SDRAM_ProgramRefreshRate
                0x080077f8       0x50 ./Drivers/STM32F4xx_HAL_Driver/Src/stm32f4xx_hal_sdram.o
                0x080077f8                HAL_SDRAM_ProgramRefreshRate
 .text.HAL_SPI_Init
                0x08007848      0x112 ./Drivers/STM32F4xx_HAL_Driver/Src/stm32f4xx_hal_spi.o
                0x08007848                HAL_SPI_Init
 .text.HAL_SPI_DeInit
                0x0800795a       0x50 ./Drivers/STM32F4xx_HAL_Driver/Src/stm32f4xx_hal_spi.o
                0x0800795a                HAL_SPI_DeInit
 .text.HAL_SPI_Transmit
                0x080079aa      0x288 ./Drivers/STM32F4xx_HAL_Driver/Src/stm32f4xx_hal_spi.o
                0x080079aa                HAL_SPI_Transmit
 .text.HAL_SPI_Receive
                0x08007c32      0x232 ./Drivers/STM32F4xx_HAL_Driver/Src/stm32f4xx_hal_spi.o
                0x08007c32                HAL_SPI_Receive
 .text.HAL_SPI_TransmitReceive
                0x08007e64      0x352 ./Drivers/STM32F4xx_HAL_Driver/Src/stm32f4xx_hal_spi.o
                0x08007e64                HAL_SPI_TransmitReceive
 .text.HAL_SPI_GetState
                0x080081b6       0x1c ./Drivers/STM32F4xx_HAL_Driver/Src/stm32f4xx_hal_spi.o
                0x080081b6                HAL_SPI_GetState
 *fill*         0x080081d2        0x2 
 .text.SPI_WaitFlagStateUntilTimeout
                0x080081d4      0x110 ./Drivers/STM32F4xx_HAL_Driver/Src/stm32f4xx_hal_spi.o
 .text.SPI_EndRxTransaction
                0x080082e4       0xca ./Drivers/STM32F4xx_HAL_Driver/Src/stm32f4xx_hal_spi.o
 *fill*         0x080083ae        0x2 
 .text.SPI_EndRxTxTransaction
                0x080083b0       0xa8 ./Drivers/STM32F4xx_HAL_Driver/Src/stm32f4xx_hal_spi.o
 .text.HAL_TIM_Base_Init
                0x08008458       0x9e ./Drivers/STM32F4xx_HAL_Driver/Src/stm32f4xx_hal_tim.o
                0x08008458                HAL_TIM_Base_Init
 *fill*         0x080084f6        0x2 
 .text.HAL_TIM_Base_Start_IT
                0x080084f8       0xe0 ./Drivers/STM32F4xx_HAL_Driver/Src/stm32f4xx_hal_tim.o
                0x080084f8                HAL_TIM_Base_Start_IT
 .text.HAL_TIM_PWM_Init
                0x080085d8       0x9e ./Drivers/STM32F4xx_HAL_Driver/Src/stm32f4xx_hal_tim.o
                0x080085d8                HAL_TIM_PWM_Init
 *fill*         0x08008676        0x2 
 .text.HAL_TIM_PWM_Start
                0x08008678      0x190 ./Drivers/STM32F4xx_HAL_Driver/Src/stm32f4xx_hal_tim.o
                0x08008678                HAL_TIM_PWM_Start
 .text.HAL_TIM_IRQHandler
                0x08008808      0x1e0 ./Drivers/STM32F4xx_HAL_Driver/Src/stm32f4xx_hal_tim.o
                0x08008808                HAL_TIM_IRQHandler
 .text.HAL_TIM_PWM_ConfigChannel
                0x080089e8      0x184 ./Drivers/STM32F4xx_HAL_Driver/Src/stm32f4xx_hal_tim.o
                0x080089e8                HAL_TIM_PWM_ConfigChannel
 .text.HAL_TIM_ConfigClockSource
                0x08008b6c      0x18e ./Drivers/STM32F4xx_HAL_Driver/Src/stm32f4xx_hal_tim.o
                0x08008b6c                HAL_TIM_ConfigClockSource
 .text.HAL_TIM_OC_DelayElapsedCallback
                0x08008cfa       0x14 ./Drivers/STM32F4xx_HAL_Driver/Src/stm32f4xx_hal_tim.o
                0x08008cfa                HAL_TIM_OC_DelayElapsedCallback
 .text.HAL_TIM_IC_CaptureCallback
                0x08008d0e       0x14 ./Drivers/STM32F4xx_HAL_Driver/Src/stm32f4xx_hal_tim.o
                0x08008d0e                HAL_TIM_IC_CaptureCallback
 .text.HAL_TIM_PWM_PulseFinishedCallback
                0x08008d22       0x14 ./Drivers/STM32F4xx_HAL_Driver/Src/stm32f4xx_hal_tim.o
                0x08008d22                HAL_TIM_PWM_PulseFinishedCallback
 .text.HAL_TIM_TriggerCallback
                0x08008d36       0x14 ./Drivers/STM32F4xx_HAL_Driver/Src/stm32f4xx_hal_tim.o
                0x08008d36                HAL_TIM_TriggerCallback
 *fill*         0x08008d4a        0x2 
 .text.TIM_Base_SetConfig
                0x08008d4c      0x14c ./Drivers/STM32F4xx_HAL_Driver/Src/stm32f4xx_hal_tim.o
                0x08008d4c                TIM_Base_SetConfig
 .text.TIM_OC1_SetConfig
                0x08008e98       0xe0 ./Drivers/STM32F4xx_HAL_Driver/Src/stm32f4xx_hal_tim.o
 .text.TIM_OC2_SetConfig
                0x08008f78       0xec ./Drivers/STM32F4xx_HAL_Driver/Src/stm32f4xx_hal_tim.o
                0x08008f78                TIM_OC2_SetConfig
 .text.TIM_OC3_SetConfig
                0x08009064       0xe8 ./Drivers/STM32F4xx_HAL_Driver/Src/stm32f4xx_hal_tim.o
 .text.TIM_OC4_SetConfig
                0x0800914c       0xac ./Drivers/STM32F4xx_HAL_Driver/Src/stm32f4xx_hal_tim.o
 .text.TIM_TI1_ConfigInputStage
                0x080091f8       0x5e ./Drivers/STM32F4xx_HAL_Driver/Src/stm32f4xx_hal_tim.o
 .text.TIM_TI2_ConfigInputStage
                0x08009256       0x60 ./Drivers/STM32F4xx_HAL_Driver/Src/stm32f4xx_hal_tim.o
 .text.TIM_ITRx_SetConfig
                0x080092b6       0x36 ./Drivers/STM32F4xx_HAL_Driver/Src/stm32f4xx_hal_tim.o
 .text.TIM_ETR_SetConfig
                0x080092ec       0x40 ./Drivers/STM32F4xx_HAL_Driver/Src/stm32f4xx_hal_tim.o
                0x080092ec                TIM_ETR_SetConfig
 .text.TIM_CCxChannelCmd
                0x0800932c       0x4a ./Drivers/STM32F4xx_HAL_Driver/Src/stm32f4xx_hal_tim.o
                0x0800932c                TIM_CCxChannelCmd
 *fill*         0x08009376        0x2 
 .text.HAL_TIMEx_MasterConfigSynchronization
                0x08009378       0xf8 ./Drivers/STM32F4xx_HAL_Driver/Src/stm32f4xx_hal_tim_ex.o
                0x08009378                HAL_TIMEx_MasterConfigSynchronization
 .text.HAL_TIMEx_CommutCallback
                0x08009470       0x14 ./Drivers/STM32F4xx_HAL_Driver/Src/stm32f4xx_hal_tim_ex.o
                0x08009470                HAL_TIMEx_CommutCallback
 .text.HAL_TIMEx_BreakCallback
                0x08009484       0x14 ./Drivers/STM32F4xx_HAL_Driver/Src/stm32f4xx_hal_tim_ex.o
                0x08009484                HAL_TIMEx_BreakCallback
 .text.FMC_SDRAM_Init
                0x08009498       0xba ./Drivers/STM32F4xx_HAL_Driver/Src/stm32f4xx_ll_fmc.o
                0x08009498                FMC_SDRAM_Init
 .text.FMC_SDRAM_Timing_Init
                0x08009552       0xd2 ./Drivers/STM32F4xx_HAL_Driver/Src/stm32f4xx_ll_fmc.o
                0x08009552                FMC_SDRAM_Timing_Init
 .text.FMC_SDRAM_SendCommand
                0x08009624       0x7a ./Drivers/STM32F4xx_HAL_Driver/Src/stm32f4xx_ll_fmc.o
                0x08009624                FMC_SDRAM_SendCommand
 .text.FMC_SDRAM_ProgramRefreshRate
                0x0800969e       0x2e ./Drivers/STM32F4xx_HAL_Driver/Src/stm32f4xx_ll_fmc.o
                0x0800969e                FMC_SDRAM_ProgramRefreshRate
 .text.sprintf  0x080096cc       0x44 C:/ST/STM32CubeIDE_1.19.0/STM32CubeIDE/plugins/com.st.stm32cube.ide.mcu.externaltools.gnu-tools-for-stm32.13.3.rel1.win32_1.0.0.202411081344/tools/bin/../lib/gcc/arm-none-eabi/13.3.1/../../../../arm-none-eabi/lib/thumb/v7e-m+fp/hard\libc_nano.a(libc_a-sprintf.o)
                0x080096cc                siprintf
                0x080096cc                sprintf
 .text.memset   0x08009710       0x10 C:/ST/STM32CubeIDE_1.19.0/STM32CubeIDE/plugins/com.st.stm32cube.ide.mcu.externaltools.gnu-tools-for-stm32.13.3.rel1.win32_1.0.0.202411081344/tools/bin/../lib/gcc/arm-none-eabi/13.3.1/../../../../arm-none-eabi/lib/thumb/v7e-m+fp/hard\libc_nano.a(libc_a-memset.o)
                0x08009710                memset
 .text.__errno  0x08009720        0xc C:/ST/STM32CubeIDE_1.19.0/STM32CubeIDE/plugins/com.st.stm32cube.ide.mcu.externaltools.gnu-tools-for-stm32.13.3.rel1.win32_1.0.0.202411081344/tools/bin/../lib/gcc/arm-none-eabi/13.3.1/../../../../arm-none-eabi/lib/thumb/v7e-m+fp/hard\libc_nano.a(libc_a-errno.o)
                0x08009720                __errno
 .text.__libc_init_array
                0x0800972c       0x48 C:/ST/STM32CubeIDE_1.19.0/STM32CubeIDE/plugins/com.st.stm32cube.ide.mcu.externaltools.gnu-tools-for-stm32.13.3.rel1.win32_1.0.0.202411081344/tools/bin/../lib/gcc/arm-none-eabi/13.3.1/../../../../arm-none-eabi/lib/thumb/v7e-m+fp/hard\libc_nano.a(libc_a-init.o)
                0x0800972c                __libc_init_array
 .text.__retarget_lock_acquire_recursive
                0x08009774        0x2 C:/ST/STM32CubeIDE_1.19.0/STM32CubeIDE/plugins/com.st.stm32cube.ide.mcu.externaltools.gnu-tools-for-stm32.13.3.rel1.win32_1.0.0.202411081344/tools/bin/../lib/gcc/arm-none-eabi/13.3.1/../../../../arm-none-eabi/lib/thumb/v7e-m+fp/hard\libc_nano.a(libc_a-lock.o)
                0x08009774                __retarget_lock_acquire_recursive
 .text.__retarget_lock_release_recursive
                0x08009776        0x2 C:/ST/STM32CubeIDE_1.19.0/STM32CubeIDE/plugins/com.st.stm32cube.ide.mcu.externaltools.gnu-tools-for-stm32.13.3.rel1.win32_1.0.0.202411081344/tools/bin/../lib/gcc/arm-none-eabi/13.3.1/../../../../arm-none-eabi/lib/thumb/v7e-m+fp/hard\libc_nano.a(libc_a-lock.o)
                0x08009776                __retarget_lock_release_recursive
 .text.memcpy   0x08009778       0x1c C:/ST/STM32CubeIDE_1.19.0/STM32CubeIDE/plugins/com.st.stm32cube.ide.mcu.externaltools.gnu-tools-for-stm32.13.3.rel1.win32_1.0.0.202411081344/tools/bin/../lib/gcc/arm-none-eabi/13.3.1/../../../../arm-none-eabi/lib/thumb/v7e-m+fp/hard\libc_nano.a(libc_a-memcpy-stub.o)
                0x08009778                memcpy
 .text._free_r  0x08009794       0x94 C:/ST/STM32CubeIDE_1.19.0/STM32CubeIDE/plugins/com.st.stm32cube.ide.mcu.externaltools.gnu-tools-for-stm32.13.3.rel1.win32_1.0.0.202411081344/tools/bin/../lib/gcc/arm-none-eabi/13.3.1/../../../../arm-none-eabi/lib/thumb/v7e-m+fp/hard\libc_nano.a(libc_a-freer.o)
                0x08009794                _free_r
 .text.sbrk_aligned
                0x08009828       0x44 C:/ST/STM32CubeIDE_1.19.0/STM32CubeIDE/plugins/com.st.stm32cube.ide.mcu.externaltools.gnu-tools-for-stm32.13.3.rel1.win32_1.0.0.202411081344/tools/bin/../lib/gcc/arm-none-eabi/13.3.1/../../../../arm-none-eabi/lib/thumb/v7e-m+fp/hard\libc_nano.a(libc_a-mallocr.o)
 .text._malloc_r
                0x0800986c      0x100 C:/ST/STM32CubeIDE_1.19.0/STM32CubeIDE/plugins/com.st.stm32cube.ide.mcu.externaltools.gnu-tools-for-stm32.13.3.rel1.win32_1.0.0.202411081344/tools/bin/../lib/gcc/arm-none-eabi/13.3.1/../../../../arm-none-eabi/lib/thumb/v7e-m+fp/hard\libc_nano.a(libc_a-mallocr.o)
                0x0800986c                _malloc_r
 .text.__malloc_lock
                0x0800996c        0xc C:/ST/STM32CubeIDE_1.19.0/STM32CubeIDE/plugins/com.st.stm32cube.ide.mcu.externaltools.gnu-tools-for-stm32.13.3.rel1.win32_1.0.0.202411081344/tools/bin/../lib/gcc/arm-none-eabi/13.3.1/../../../../arm-none-eabi/lib/thumb/v7e-m+fp/hard\libc_nano.a(libc_a-mlock.o)
                0x0800996c                __malloc_lock
 .text.__malloc_unlock
                0x08009978        0xc C:/ST/STM32CubeIDE_1.19.0/STM32CubeIDE/plugins/com.st.stm32cube.ide.mcu.externaltools.gnu-tools-for-stm32.13.3.rel1.win32_1.0.0.202411081344/tools/bin/../lib/gcc/arm-none-eabi/13.3.1/../../../../arm-none-eabi/lib/thumb/v7e-m+fp/hard\libc_nano.a(libc_a-mlock.o)
                0x08009978                __malloc_unlock
 .text.__ssputs_r
                0x08009984       0xb6 C:/ST/STM32CubeIDE_1.19.0/STM32CubeIDE/plugins/com.st.stm32cube.ide.mcu.externaltools.gnu-tools-for-stm32.13.3.rel1.win32_1.0.0.202411081344/tools/bin/../lib/gcc/arm-none-eabi/13.3.1/../../../../arm-none-eabi/lib/thumb/v7e-m+fp/hard\libc_nano.a(libc_a-nano-svfprintf.o)
                0x08009984                __ssputs_r
 *fill*         0x08009a3a        0x2 
 .text._svfprintf_r
                0x08009a3c      0x1f8 C:/ST/STM32CubeIDE_1.19.0/STM32CubeIDE/plugins/com.st.stm32cube.ide.mcu.externaltools.gnu-tools-for-stm32.13.3.rel1.win32_1.0.0.202411081344/tools/bin/../lib/gcc/arm-none-eabi/13.3.1/../../../../arm-none-eabi/lib/thumb/v7e-m+fp/hard\libc_nano.a(libc_a-nano-svfprintf.o)
                0x08009a3c                _svfiprintf_r
                0x08009a3c                _svfprintf_r
 .text._printf_common
                0x08009c34       0xda C:/ST/STM32CubeIDE_1.19.0/STM32CubeIDE/plugins/com.st.stm32cube.ide.mcu.externaltools.gnu-tools-for-stm32.13.3.rel1.win32_1.0.0.202411081344/tools/bin/../lib/gcc/arm-none-eabi/13.3.1/../../../../arm-none-eabi/lib/thumb/v7e-m+fp/hard\libc_nano.a(libc_a-nano-vfprintf_i.o)
                0x08009c34                _printf_common
 *fill*         0x08009d0e        0x2 
 .text._printf_i
                0x08009d10      0x23c C:/ST/STM32CubeIDE_1.19.0/STM32CubeIDE/plugins/com.st.stm32cube.ide.mcu.externaltools.gnu-tools-for-stm32.13.3.rel1.win32_1.0.0.202411081344/tools/bin/../lib/gcc/arm-none-eabi/13.3.1/../../../../arm-none-eabi/lib/thumb/v7e-m+fp/hard\libc_nano.a(libc_a-nano-vfprintf_i.o)
                0x08009d10                _printf_i
 .text.memmove  0x08009f4c       0x34 C:/ST/STM32CubeIDE_1.19.0/STM32CubeIDE/plugins/com.st.stm32cube.ide.mcu.externaltools.gnu-tools-for-stm32.13.3.rel1.win32_1.0.0.202411081344/tools/bin/../lib/gcc/arm-none-eabi/13.3.1/../../../../arm-none-eabi/lib/thumb/v7e-m+fp/hard\libc_nano.a(libc_a-memmove.o)
                0x08009f4c                memmove
 .text._sbrk_r  0x08009f80       0x20 C:/ST/STM32CubeIDE_1.19.0/STM32CubeIDE/plugins/com.st.stm32cube.ide.mcu.externaltools.gnu-tools-for-stm32.13.3.rel1.win32_1.0.0.202411081344/tools/bin/../lib/gcc/arm-none-eabi/13.3.1/../../../../arm-none-eabi/lib/thumb/v7e-m+fp/hard\libc_nano.a(libc_a-sbrkr.o)
                0x08009f80                _sbrk_r
 .text._realloc_r
                0x08009fa0       0x5c C:/ST/STM32CubeIDE_1.19.0/STM32CubeIDE/plugins/com.st.stm32cube.ide.mcu.externaltools.gnu-tools-for-stm32.13.3.rel1.win32_1.0.0.202411081344/tools/bin/../lib/gcc/arm-none-eabi/13.3.1/../../../../arm-none-eabi/lib/thumb/v7e-m+fp/hard\libc_nano.a(libc_a-reallocr.o)
                0x08009fa0                _realloc_r
 .text._malloc_usable_size_r
                0x08009ffc       0x10 C:/ST/STM32CubeIDE_1.19.0/STM32CubeIDE/plugins/com.st.stm32cube.ide.mcu.externaltools.gnu-tools-for-stm32.13.3.rel1.win32_1.0.0.202411081344/tools/bin/../lib/gcc/arm-none-eabi/13.3.1/../../../../arm-none-eabi/lib/thumb/v7e-m+fp/hard\libc_nano.a(libc_a-msizer.o)
                0x08009ffc                _malloc_usable_size_r
 *(.glue_7)
 .glue_7        0x0800a00c        0x0 linker stubs
 *(.glue_7t)
 .glue_7t       0x0800a00c        0x0 linker stubs
 *(.eh_frame)
 .eh_frame      0x0800a00c        0x0 C:/ST/STM32CubeIDE_1.19.0/STM32CubeIDE/plugins/com.st.stm32cube.ide.mcu.externaltools.gnu-tools-for-stm32.13.3.rel1.win32_1.0.0.202411081344/tools/bin/../lib/gcc/arm-none-eabi/13.3.1/thumb/v7e-m+fp/hard/crtbegin.o
 *(.init)
 .init          0x0800a00c        0x4 C:/ST/STM32CubeIDE_1.19.0/STM32CubeIDE/plugins/com.st.stm32cube.ide.mcu.externaltools.gnu-tools-for-stm32.13.3.rel1.win32_1.0.0.202411081344/tools/bin/../lib/gcc/arm-none-eabi/13.3.1/thumb/v7e-m+fp/hard/crti.o
                0x0800a00c                _init
 .init          0x0800a010        0x8 C:/ST/STM32CubeIDE_1.19.0/STM32CubeIDE/plugins/com.st.stm32cube.ide.mcu.externaltools.gnu-tools-for-stm32.13.3.rel1.win32_1.0.0.202411081344/tools/bin/../lib/gcc/arm-none-eabi/13.3.1/thumb/v7e-m+fp/hard/crtn.o
 *(.fini)
 .fini          0x0800a018        0x4 C:/ST/STM32CubeIDE_1.19.0/STM32CubeIDE/plugins/com.st.stm32cube.ide.mcu.externaltools.gnu-tools-for-stm32.13.3.rel1.win32_1.0.0.202411081344/tools/bin/../lib/gcc/arm-none-eabi/13.3.1/thumb/v7e-m+fp/hard/crti.o
                0x0800a018                _fini
 .fini          0x0800a01c        0x8 C:/ST/STM32CubeIDE_1.19.0/STM32CubeIDE/plugins/com.st.stm32cube.ide.mcu.externaltools.gnu-tools-for-stm32.13.3.rel1.win32_1.0.0.202411081344/tools/bin/../lib/gcc/arm-none-eabi/13.3.1/thumb/v7e-m+fp/hard/crtn.o
                0x0800a024                        . = ALIGN (0x4)
                0x0800a024                        _etext = .

.vfp11_veneer   0x0800a024        0x0
 .vfp11_veneer  0x0800a024        0x0 linker stubs

.v4_bx          0x0800a024        0x0
 .v4_bx         0x0800a024        0x0 linker stubs

.iplt           0x0800a024        0x0
 .iplt          0x0800a024        0x0 C:/ST/STM32CubeIDE_1.19.0/STM32CubeIDE/plugins/com.st.stm32cube.ide.mcu.externaltools.gnu-tools-for-stm32.13.3.rel1.win32_1.0.0.202411081344/tools/bin/../lib/gcc/arm-none-eabi/13.3.1/thumb/v7e-m+fp/hard/crtbegin.o

.rodata         0x0800a024     0x2c48
                0x0800a024                        . = ALIGN (0x4)
 *(.rodata)
 .rodata        0x0800a024       0x86 ./Core/Src/game.o
 *fill*         0x0800a0aa        0x2 
 .rodata        0x0800a0ac      0x1a8 ./Core/Src/main.o
 .rodata        0x0800a254       0x34 ./Core/Src/menu.o
 *(.rodata*)
 .rodata.AHBPrescTable
                0x0800a288       0x10 ./Core/Src/system_stm32f4xx.o
                0x0800a288                AHBPrescTable
 .rodata.APBPrescTable
                0x0800a298        0x8 ./Core/Src/system_stm32f4xx.o
                0x0800a298                APBPrescTable
 .rodata.Font24_Table
                0x0800a2a0     0x1ab8 ./Drivers/BSP/STM32F429I-Discovery/stm32f429i_discovery_lcd.o
                0x0800a2a0                Font24_Table
 .rodata.Font20_Table
                0x0800bd58      0xed8 ./Drivers/BSP/STM32F429I-Discovery/stm32f429i_discovery_lcd.o
                0x0800bd58                Font20_Table
 .rodata.flagBitshiftOffset.0
                0x0800cc30        0x8 ./Drivers/STM32F4xx_HAL_Driver/Src/stm32f4xx_hal_dma.o
 .rodata._svfprintf_r.str1.1
                0x0800cc38       0x33 C:/ST/STM32CubeIDE_1.19.0/STM32CubeIDE/plugins/com.st.stm32cube.ide.mcu.externaltools.gnu-tools-for-stm32.13.3.rel1.win32_1.0.0.202411081344/tools/bin/../lib/gcc/arm-none-eabi/13.3.1/../../../../arm-none-eabi/lib/thumb/v7e-m+fp/hard\libc_nano.a(libc_a-nano-svfprintf.o)
                                 0x11 (size before relaxing)
 .rodata._printf_i.str1.1
                0x0800cc6b       0x22 C:/ST/STM32CubeIDE_1.19.0/STM32CubeIDE/plugins/com.st.stm32cube.ide.mcu.externaltools.gnu-tools-for-stm32.13.3.rel1.win32_1.0.0.202411081344/tools/bin/../lib/gcc/arm-none-eabi/13.3.1/../../../../arm-none-eabi/lib/thumb/v7e-m+fp/hard\libc_nano.a(libc_a-nano-vfprintf_i.o)
                0x0800cc90                        . = ALIGN (0x4)
 *fill*         0x0800cc6b        0x1 

.ARM.extab      0x0800cc6c        0x0
                0x0800cc6c                        . = ALIGN (0x4)
 *(.ARM.extab* .gnu.linkonce.armextab.*)
                0x0800cc6c                        . = ALIGN (0x4)

.ARM            0x0800cc6c        0x8
                0x0800cc6c                        . = ALIGN (0x4)
                0x0800cc6c                        __exidx_start = .
 *(.ARM.exidx*)
 .ARM.exidx     0x0800cc6c        0x8 C:/ST/STM32CubeIDE_1.19.0/STM32CubeIDE/plugins/com.st.stm32cube.ide.mcu.externaltools.gnu-tools-for-stm32.13.3.rel1.win32_1.0.0.202411081344/tools/bin/../lib/gcc/arm-none-eabi/13.3.1/../../../../arm-none-eabi/lib/thumb/v7e-m+fp/hard\libc_nano.a(libc_a-memchr.o)
 .ARM.exidx     0x0800cc74        0x0 C:/ST/STM32CubeIDE_1.19.0/STM32CubeIDE/plugins/com.st.stm32cube.ide.mcu.externaltools.gnu-tools-for-stm32.13.3.rel1.win32_1.0.0.202411081344/tools/bin/../lib/gcc/arm-none-eabi/13.3.1/thumb/v7e-m+fp/hard\libgcc.a(_udivmoddi4.o)
                                  0x8 (size before relaxing)
                0x0800cc74                        __exidx_end = .
                0x0800cc74                        . = ALIGN (0x4)

.preinit_array  0x0800cc74        0x0
                0x0800cc74                        . = ALIGN (0x4)
                0x0800cc74                        PROVIDE (__preinit_array_start = .)
 *(.preinit_array*)
                0x0800cc74                        PROVIDE (__preinit_array_end = .)
                0x0800cc74                        . = ALIGN (0x4)

.init_array     0x0800cc74        0x4
                0x0800cc74                        . = ALIGN (0x4)
                0x0800cc74                        PROVIDE (__init_array_start = .)
 *(SORT_BY_NAME(.init_array.*))
 *(.init_array*)
 .init_array    0x0800cc74        0x4 C:/ST/STM32CubeIDE_1.19.0/STM32CubeIDE/plugins/com.st.stm32cube.ide.mcu.externaltools.gnu-tools-for-stm32.13.3.rel1.win32_1.0.0.202411081344/tools/bin/../lib/gcc/arm-none-eabi/13.3.1/thumb/v7e-m+fp/hard/crtbegin.o
                0x0800cc78                        PROVIDE (__init_array_end = .)
                0x0800cc78                        . = ALIGN (0x4)

.fini_array     0x0800cc78        0x4
                0x0800cc78                        . = ALIGN (0x4)
                [!provide]                        PROVIDE (__fini_array_start = .)
 *(SORT_BY_NAME(.fini_array.*))
 *(.fini_array*)
 .fini_array    0x0800cc78        0x4 C:/ST/STM32CubeIDE_1.19.0/STM32CubeIDE/plugins/com.st.stm32cube.ide.mcu.externaltools.gnu-tools-for-stm32.13.3.rel1.win32_1.0.0.202411081344/tools/bin/../lib/gcc/arm-none-eabi/13.3.1/thumb/v7e-m+fp/hard/crtbegin.o
                [!provide]                        PROVIDE (__fini_array_end = .)
                0x0800cc7c                        . = ALIGN (0x4)
                0x0800cc7c                        _sidata = LOADADDR (.data)

.rel.dyn        0x0800cc7c        0x0
 .rel.iplt      0x0800cc7c        0x0 C:/ST/STM32CubeIDE_1.19.0/STM32CubeIDE/plugins/com.st.stm32cube.ide.mcu.externaltools.gnu-tools-for-stm32.13.3.rel1.win32_1.0.0.202411081344/tools/bin/../lib/gcc/arm-none-eabi/13.3.1/thumb/v7e-m+fp/hard/crtbegin.o

.data           0x20000000      0x118 load address 0x0800cc7c
                0x20000000                        . = ALIGN (0x4)
                0x20000000                        _sdata = .
 *(.data)
 *(.data*)
 .data.selecting_dices
                0x20000000        0x1 ./Core/Src/game.o
                0x20000000                selecting_dices
 .data.current_player
                0x20000001        0x1 ./Core/Src/game.o
                0x20000001                current_player
 .data.dices_left
                0x20000002        0x1 ./Core/Src/game.o
                0x20000002                dices_left
 .data.dices_in_round
                0x20000003        0x1 ./Core/Src/game.o
                0x20000003                dices_in_round
 .data.target_score
                0x20000004        0x2 ./Core/Src/game.o
 *fill*         0x20000006        0x2 
 .data.Dices    0x20000008       0x60 ./Core/Src/game.o
                0x20000008                Dices
 .data.menu_playing
                0x20000068        0x1 ./Core/Src/menu.o
                0x20000068                menu_playing
 *fill*         0x20000069        0x3 
 .data.SystemCoreClock
                0x2000006c        0x4 ./Core/Src/system_stm32f4xx.o
                0x2000006c                SystemCoreClock
 .data.ili9341_drv
                0x20000070       0x38 ./Drivers/BSP/Components/ili9341/ili9341.o
                0x20000070                ili9341_drv
 .data.SpixTimeout
                0x200000a8        0x4 ./Drivers/BSP/STM32F429I-Discovery/stm32f429i_discovery.o
                0x200000a8                SpixTimeout
 .data.Font24   0x200000ac        0x8 ./Drivers/BSP/STM32F429I-Discovery/stm32f429i_discovery_lcd.o
                0x200000ac                Font24
 .data.Font20   0x200000b4        0x8 ./Drivers/BSP/STM32F429I-Discovery/stm32f429i_discovery_lcd.o
                0x200000b4                Font20
 .data.sdramstatus.2
                0x200000bc        0x1 ./Drivers/BSP/STM32F429I-Discovery/stm32f429i_discovery_sdram.o
 *fill*         0x200000bd        0x3 
 .data.uwTickPrio
                0x200000c0        0x4 ./Drivers/STM32F4xx_HAL_Driver/Src/stm32f4xx_hal.o
                0x200000c0                uwTickPrio
 .data.uwTickFreq
                0x200000c4        0x1 ./Drivers/STM32F4xx_HAL_Driver/Src/stm32f4xx_hal.o
                0x200000c4                uwTickFreq
 *fill*         0x200000c5        0x3 
 .data._impure_ptr
                0x200000c8        0x4 C:/ST/STM32CubeIDE_1.19.0/STM32CubeIDE/plugins/com.st.stm32cube.ide.mcu.externaltools.gnu-tools-for-stm32.13.3.rel1.win32_1.0.0.202411081344/tools/bin/../lib/gcc/arm-none-eabi/13.3.1/../../../../arm-none-eabi/lib/thumb/v7e-m+fp/hard\libc_nano.a(libc_a-impure.o)
                0x200000c8                _impure_ptr
 .data._impure_data
                0x200000cc       0x4c C:/ST/STM32CubeIDE_1.19.0/STM32CubeIDE/plugins/com.st.stm32cube.ide.mcu.externaltools.gnu-tools-for-stm32.13.3.rel1.win32_1.0.0.202411081344/tools/bin/../lib/gcc/arm-none-eabi/13.3.1/../../../../arm-none-eabi/lib/thumb/v7e-m+fp/hard\libc_nano.a(libc_a-impure.o)
                0x200000cc                _impure_data
 *(.RamFunc)
 *(.RamFunc*)
                0x20000118                        . = ALIGN (0x4)
                0x20000118                        _edata = .
                0x0800cd94                        _siccmram = LOADADDR (.ccmram)

.igot.plt       0x20000118        0x0 load address 0x0800cd94
 .igot.plt      0x20000118        0x0 C:/ST/STM32CubeIDE_1.19.0/STM32CubeIDE/plugins/com.st.stm32cube.ide.mcu.externaltools.gnu-tools-for-stm32.13.3.rel1.win32_1.0.0.202411081344/tools/bin/../lib/gcc/arm-none-eabi/13.3.1/thumb/v7e-m+fp/hard/crtbegin.o

.ccmram         0x10000000        0x0 load address 0x0800cd94
                0x10000000                        . = ALIGN (0x4)
                0x10000000                        _sccmram = .
 *(.ccmram)
 *(.ccmram*)
                0x10000000                        . = ALIGN (0x4)
                0x10000000                        _eccmram = .
                0x10000000                        . = ALIGN (0x4)

.bss            0x20000118      0x6a0
                0x20000118                        _sbss = .
                0x20000118                        __bss_start__ = _sbss
 *(.bss)
 .bss           0x20000118       0x1c C:/ST/STM32CubeIDE_1.19.0/STM32CubeIDE/plugins/com.st.stm32cube.ide.mcu.externaltools.gnu-tools-for-stm32.13.3.rel1.win32_1.0.0.202411081344/tools/bin/../lib/gcc/arm-none-eabi/13.3.1/thumb/v7e-m+fp/hard/crtbegin.o
 *(.bss*)
 .bss.time_from_last_click
                0x20000134        0x4 ./Core/Src/buttons_logic.o
                0x20000134                time_from_last_click
 .bss.highlighted_dice_index
                0x20000138        0x1 ./Core/Src/game.o
                0x20000138                highlighted_dice_index
 .bss.changed_dice
                0x20000139        0x1 ./Core/Src/game.o
                0x20000139                changed_dice
 .bss.ones_count
                0x2000013a        0x1 ./Core/Src/game.o
 .bss.fives_count
                0x2000013b        0x1 ./Core/Src/game.o
 .bss.P1_score  0x2000013c        0x2 ./Core/Src/game.o
                0x2000013c                P1_score
 .bss.P2_score  0x2000013e        0x2 ./Core/Src/game.o
                0x2000013e                P2_score
 .bss.selected_score
                0x20000140        0x2 ./Core/Src/game.o
                0x20000140                selected_score
 *fill*         0x20000142        0x2 
 .bss.last_selected_state
                0x20000144        0x6 ./Core/Src/game.o
                0x20000144                last_selected_state
 *fill*         0x2000014a        0x2 
 .bss.hadc1     0x2000014c       0x48 ./Core/Src/main.o
                0x2000014c                hadc1
 .bss.hdma2d    0x20000194       0x40 ./Core/Src/main.o
                0x20000194                hdma2d
 .bss.hi2c3     0x200001d4       0x54 ./Core/Src/main.o
                0x200001d4                hi2c3
 .bss.hltdc     0x20000228       0xa8 ./Core/Src/main.o
                0x20000228                hltdc
 .bss.hrng      0x200002d0       0x10 ./Core/Src/main.o
                0x200002d0                hrng
 .bss.hspi5     0x200002e0       0x58 ./Core/Src/main.o
                0x200002e0                hspi5
 .bss.htim2     0x20000338       0x48 ./Core/Src/main.o
                0x20000338                htim2
 .bss.htim3     0x20000380       0x48 ./Core/Src/main.o
                0x20000380                htim3
 .bss.hsdram1   0x200003c8       0x34 ./Core/Src/main.o
                0x200003c8                hsdram1
 .bss.LTDC_ReadyToSwap
                0x200003fc        0x1 ./Core/Src/main.o
                0x200003fc                LTDC_ReadyToSwap
 *fill*         0x200003fd        0x3 
 .bss.current_display_layer
                0x20000400        0x4 ./Core/Src/main.o
                0x20000400                current_display_layer
 .bss.melody_player
                0x20000404        0xc ./Core/Src/note.o
                0x20000404                melody_player
 .bss.FMC_Initialized
                0x20000410        0x4 ./Core/Src/stm32f4xx_hal_msp.o
 .bss.__sbrk_heap_end
                0x20000414        0x4 ./Core/Src/sysmem.o
 .bss.SpiHandle
                0x20000418       0x58 ./Drivers/BSP/STM32F429I-Discovery/stm32f429i_discovery.o
 .bss.Is_LCD_IO_Initialized
                0x20000470        0x1 ./Drivers/BSP/STM32F429I-Discovery/stm32f429i_discovery.o
 *fill*         0x20000471        0x3 
 .bss.LtdcHandler
                0x20000474       0xa8 ./Drivers/BSP/STM32F429I-Discovery/stm32f429i_discovery_lcd.o
                0x20000474                LtdcHandler
 .bss.Dma2dHandler
                0x2000051c       0x40 ./Drivers/BSP/STM32F429I-Discovery/stm32f429i_discovery_lcd.o
 .bss.PeriphClkInitStruct
                0x2000055c       0x30 ./Drivers/BSP/STM32F429I-Discovery/stm32f429i_discovery_lcd.o
 .bss.ActiveLayer
                0x2000058c        0x4 ./Drivers/BSP/STM32F429I-Discovery/stm32f429i_discovery_lcd.o
 .bss.DrawProp  0x20000590       0x18 ./Drivers/BSP/STM32F429I-Discovery/stm32f429i_discovery_lcd.o
 .bss.LcdDrv    0x200005a8        0x4 ./Drivers/BSP/STM32F429I-Discovery/stm32f429i_discovery_lcd.o
                0x200005a8                LcdDrv
 .bss.SdramHandle
                0x200005ac       0x34 ./Drivers/BSP/STM32F429I-Discovery/stm32f429i_discovery_sdram.o
 .bss.Timing    0x200005e0       0x1c ./Drivers/BSP/STM32F429I-Discovery/stm32f429i_discovery_sdram.o
 .bss.Command   0x200005fc       0x10 ./Drivers/BSP/STM32F429I-Discovery/stm32f429i_discovery_sdram.o
 .bss.dmaHandle.1
                0x2000060c       0x60 ./Drivers/BSP/STM32F429I-Discovery/stm32f429i_discovery_sdram.o
 .bss.uwTick    0x2000066c        0x4 ./Drivers/STM32F4xx_HAL_Driver/Src/stm32f4xx_hal.o
                0x2000066c                uwTick
 .bss.__sf      0x20000670      0x138 C:/ST/STM32CubeIDE_1.19.0/STM32CubeIDE/plugins/com.st.stm32cube.ide.mcu.externaltools.gnu-tools-for-stm32.13.3.rel1.win32_1.0.0.202411081344/tools/bin/../lib/gcc/arm-none-eabi/13.3.1/../../../../arm-none-eabi/lib/thumb/v7e-m+fp/hard\libc_nano.a(libc_a-findfp.o)
                0x20000670                __sf
 .bss.errno     0x200007a8        0x4 C:/ST/STM32CubeIDE_1.19.0/STM32CubeIDE/plugins/com.st.stm32cube.ide.mcu.externaltools.gnu-tools-for-stm32.13.3.rel1.win32_1.0.0.202411081344/tools/bin/../lib/gcc/arm-none-eabi/13.3.1/../../../../arm-none-eabi/lib/thumb/v7e-m+fp/hard\libc_nano.a(libc_a-reent.o)
                0x200007a8                errno
 .bss.__lock___malloc_recursive_mutex
                0x200007ac        0x1 C:/ST/STM32CubeIDE_1.19.0/STM32CubeIDE/plugins/com.st.stm32cube.ide.mcu.externaltools.gnu-tools-for-stm32.13.3.rel1.win32_1.0.0.202411081344/tools/bin/../lib/gcc/arm-none-eabi/13.3.1/../../../../arm-none-eabi/lib/thumb/v7e-m+fp/hard\libc_nano.a(libc_a-lock.o)
                0x200007ac                __lock___malloc_recursive_mutex
 *fill*         0x200007ad        0x3 
 .bss.__malloc_sbrk_start
                0x200007b0        0x4 C:/ST/STM32CubeIDE_1.19.0/STM32CubeIDE/plugins/com.st.stm32cube.ide.mcu.externaltools.gnu-tools-for-stm32.13.3.rel1.win32_1.0.0.202411081344/tools/bin/../lib/gcc/arm-none-eabi/13.3.1/../../../../arm-none-eabi/lib/thumb/v7e-m+fp/hard\libc_nano.a(libc_a-mallocr.o)
                0x200007b0                __malloc_sbrk_start
 .bss.__malloc_free_list
                0x200007b4        0x4 C:/ST/STM32CubeIDE_1.19.0/STM32CubeIDE/plugins/com.st.stm32cube.ide.mcu.externaltools.gnu-tools-for-stm32.13.3.rel1.win32_1.0.0.202411081344/tools/bin/../lib/gcc/arm-none-eabi/13.3.1/../../../../arm-none-eabi/lib/thumb/v7e-m+fp/hard\libc_nano.a(libc_a-mallocr.o)
                0x200007b4                __malloc_free_list
 *(COMMON)
                0x200007b8                        . = ALIGN (0x4)
                0x200007b8                        _ebss = .
                0x200007b8                        __bss_end__ = _ebss

._user_heap_stack
                0x200007b8      0x600
                0x200007b8                        . = ALIGN (0x8)
                [!provide]                        PROVIDE (end = .)
                0x200007b8                        PROVIDE (_end = .)
                0x200009b8                        . = (. + _Min_Heap_Size)
 *fill*         0x200007b8      0x200 
                0x20000db8                        . = (. + _Min_Stack_Size)
 *fill*         0x200009b8      0x400 
                0x20000db8                        . = ALIGN (0x8)

/DISCARD/
 libc.a(*)
 libm.a(*)
 libgcc.a(*)

.ARM.attributes
                0x00000000       0x30
 *(.ARM.attributes)
 .ARM.attributes
                0x00000000       0x22 C:/ST/STM32CubeIDE_1.19.0/STM32CubeIDE/plugins/com.st.stm32cube.ide.mcu.externaltools.gnu-tools-for-stm32.13.3.rel1.win32_1.0.0.202411081344/tools/bin/../lib/gcc/arm-none-eabi/13.3.1/thumb/v7e-m+fp/hard/crti.o
 .ARM.attributes
                0x00000022       0x34 C:/ST/STM32CubeIDE_1.19.0/STM32CubeIDE/plugins/com.st.stm32cube.ide.mcu.externaltools.gnu-tools-for-stm32.13.3.rel1.win32_1.0.0.202411081344/tools/bin/../lib/gcc/arm-none-eabi/13.3.1/thumb/v7e-m+fp/hard/crtbegin.o
 .ARM.attributes
                0x00000056       0x34 ./Core/Src/buttons_logic.o
 .ARM.attributes
                0x0000008a       0x34 ./Core/Src/dice.o
 .ARM.attributes
                0x000000be       0x34 ./Core/Src/display.o
 .ARM.attributes
                0x000000f2       0x34 ./Core/Src/game.o
 .ARM.attributes
                0x00000126       0x34 ./Core/Src/main.o
 .ARM.attributes
                0x0000015a       0x34 ./Core/Src/menu.o
 .ARM.attributes
                0x0000018e       0x34 ./Core/Src/note.o
 .ARM.attributes
                0x000001c2       0x34 ./Core/Src/stm32f4xx_hal_msp.o
 .ARM.attributes
                0x000001f6       0x34 ./Core/Src/stm32f4xx_it.o
 .ARM.attributes
                0x0000022a       0x34 ./Core/Src/sysmem.o
 .ARM.attributes
                0x0000025e       0x34 ./Core/Src/system_stm32f4xx.o
 .ARM.attributes
                0x00000292       0x21 ./Core/Startup/startup_stm32f429zitx.o
 .ARM.attributes
                0x000002b3       0x34 ./Drivers/BSP/Components/ili9341/ili9341.o
 .ARM.attributes
                0x000002e7       0x34 ./Drivers/BSP/STM32F429I-Discovery/stm32f429i_discovery.o
 .ARM.attributes
                0x0000031b       0x34 ./Drivers/BSP/STM32F429I-Discovery/stm32f429i_discovery_lcd.o
 .ARM.attributes
                0x0000034f       0x34 ./Drivers/BSP/STM32F429I-Discovery/stm32f429i_discovery_sdram.o
 .ARM.attributes
                0x00000383       0x34 ./Drivers/STM32F4xx_HAL_Driver/Src/stm32f4xx_hal.o
 .ARM.attributes
                0x000003b7       0x34 ./Drivers/STM32F4xx_HAL_Driver/Src/stm32f4xx_hal_adc.o
 .ARM.attributes
                0x000003eb       0x34 ./Drivers/STM32F4xx_HAL_Driver/Src/stm32f4xx_hal_cortex.o
 .ARM.attributes
                0x0000041f       0x34 ./Drivers/STM32F4xx_HAL_Driver/Src/stm32f4xx_hal_dma.o
 .ARM.attributes
                0x00000453       0x34 ./Drivers/STM32F4xx_HAL_Driver/Src/stm32f4xx_hal_dma2d.o
 .ARM.attributes
                0x00000487       0x34 ./Drivers/STM32F4xx_HAL_Driver/Src/stm32f4xx_hal_gpio.o
 .ARM.attributes
                0x000004bb       0x34 ./Drivers/STM32F4xx_HAL_Driver/Src/stm32f4xx_hal_i2c.o
 .ARM.attributes
                0x000004ef       0x34 ./Drivers/STM32F4xx_HAL_Driver/Src/stm32f4xx_hal_i2c_ex.o
 .ARM.attributes
                0x00000523       0x34 ./Drivers/STM32F4xx_HAL_Driver/Src/stm32f4xx_hal_ltdc.o
 .ARM.attributes
                0x00000557       0x34 ./Drivers/STM32F4xx_HAL_Driver/Src/stm32f4xx_hal_rcc.o
 .ARM.attributes
                0x0000058b       0x34 ./Drivers/STM32F4xx_HAL_Driver/Src/stm32f4xx_hal_rcc_ex.o
 .ARM.attributes
                0x000005bf       0x34 ./Drivers/STM32F4xx_HAL_Driver/Src/stm32f4xx_hal_rng.o
 .ARM.attributes
                0x000005f3       0x34 ./Drivers/STM32F4xx_HAL_Driver/Src/stm32f4xx_hal_sdram.o
 .ARM.attributes
                0x00000627       0x34 ./Drivers/STM32F4xx_HAL_Driver/Src/stm32f4xx_hal_spi.o
 .ARM.attributes
                0x0000065b       0x34 ./Drivers/STM32F4xx_HAL_Driver/Src/stm32f4xx_hal_tim.o
 .ARM.attributes
                0x0000068f       0x34 ./Drivers/STM32F4xx_HAL_Driver/Src/stm32f4xx_hal_tim_ex.o
 .ARM.attributes
                0x000006c3       0x34 ./Drivers/STM32F4xx_HAL_Driver/Src/stm32f4xx_ll_fmc.o
 .ARM.attributes
                0x000006f7       0x34 C:/ST/STM32CubeIDE_1.19.0/STM32CubeIDE/plugins/com.st.stm32cube.ide.mcu.externaltools.gnu-tools-for-stm32.13.3.rel1.win32_1.0.0.202411081344/tools/bin/../lib/gcc/arm-none-eabi/13.3.1/../../../../arm-none-eabi/lib/thumb/v7e-m+fp/hard\libc_nano.a(libc_a-findfp.o)
 .ARM.attributes
                0x0000072b       0x34 C:/ST/STM32CubeIDE_1.19.0/STM32CubeIDE/plugins/com.st.stm32cube.ide.mcu.externaltools.gnu-tools-for-stm32.13.3.rel1.win32_1.0.0.202411081344/tools/bin/../lib/gcc/arm-none-eabi/13.3.1/../../../../arm-none-eabi/lib/thumb/v7e-m+fp/hard\libc_nano.a(libc_a-sprintf.o)
 .ARM.attributes
                0x0000075f       0x34 C:/ST/STM32CubeIDE_1.19.0/STM32CubeIDE/plugins/com.st.stm32cube.ide.mcu.externaltools.gnu-tools-for-stm32.13.3.rel1.win32_1.0.0.202411081344/tools/bin/../lib/gcc/arm-none-eabi/13.3.1/../../../../arm-none-eabi/lib/thumb/v7e-m+fp/hard\libc_nano.a(libc_a-memset.o)
 .ARM.attributes
                0x00000793       0x34 C:/ST/STM32CubeIDE_1.19.0/STM32CubeIDE/plugins/com.st.stm32cube.ide.mcu.externaltools.gnu-tools-for-stm32.13.3.rel1.win32_1.0.0.202411081344/tools/bin/../lib/gcc/arm-none-eabi/13.3.1/../../../../arm-none-eabi/lib/thumb/v7e-m+fp/hard\libc_nano.a(libc_a-reent.o)
 .ARM.attributes
                0x000007c7       0x34 C:/ST/STM32CubeIDE_1.19.0/STM32CubeIDE/plugins/com.st.stm32cube.ide.mcu.externaltools.gnu-tools-for-stm32.13.3.rel1.win32_1.0.0.202411081344/tools/bin/../lib/gcc/arm-none-eabi/13.3.1/../../../../arm-none-eabi/lib/thumb/v7e-m+fp/hard\libc_nano.a(libc_a-impure.o)
 .ARM.attributes
                0x000007fb       0x34 C:/ST/STM32CubeIDE_1.19.0/STM32CubeIDE/plugins/com.st.stm32cube.ide.mcu.externaltools.gnu-tools-for-stm32.13.3.rel1.win32_1.0.0.202411081344/tools/bin/../lib/gcc/arm-none-eabi/13.3.1/../../../../arm-none-eabi/lib/thumb/v7e-m+fp/hard\libc_nano.a(libc_a-errno.o)
 .ARM.attributes
                0x0000082f       0x34 C:/ST/STM32CubeIDE_1.19.0/STM32CubeIDE/plugins/com.st.stm32cube.ide.mcu.externaltools.gnu-tools-for-stm32.13.3.rel1.win32_1.0.0.202411081344/tools/bin/../lib/gcc/arm-none-eabi/13.3.1/../../../../arm-none-eabi/lib/thumb/v7e-m+fp/hard\libc_nano.a(libc_a-init.o)
 .ARM.attributes
                0x00000863       0x34 C:/ST/STM32CubeIDE_1.19.0/STM32CubeIDE/plugins/com.st.stm32cube.ide.mcu.externaltools.gnu-tools-for-stm32.13.3.rel1.win32_1.0.0.202411081344/tools/bin/../lib/gcc/arm-none-eabi/13.3.1/../../../../arm-none-eabi/lib/thumb/v7e-m+fp/hard\libc_nano.a(libc_a-lock.o)
 .ARM.attributes
                0x00000897       0x34 C:/ST/STM32CubeIDE_1.19.0/STM32CubeIDE/plugins/com.st.stm32cube.ide.mcu.externaltools.gnu-tools-for-stm32.13.3.rel1.win32_1.0.0.202411081344/tools/bin/../lib/gcc/arm-none-eabi/13.3.1/../../../../arm-none-eabi/lib/thumb/v7e-m+fp/hard\libc_nano.a(libc_a-memcpy-stub.o)
 .ARM.attributes
                0x000008cb       0x34 C:/ST/STM32CubeIDE_1.19.0/STM32CubeIDE/plugins/com.st.stm32cube.ide.mcu.externaltools.gnu-tools-for-stm32.13.3.rel1.win32_1.0.0.202411081344/tools/bin/../lib/gcc/arm-none-eabi/13.3.1/../../../../arm-none-eabi/lib/thumb/v7e-m+fp/hard\libc_nano.a(libc_a-freer.o)
 .ARM.attributes
                0x000008ff       0x34 C:/ST/STM32CubeIDE_1.19.0/STM32CubeIDE/plugins/com.st.stm32cube.ide.mcu.externaltools.gnu-tools-for-stm32.13.3.rel1.win32_1.0.0.202411081344/tools/bin/../lib/gcc/arm-none-eabi/13.3.1/../../../../arm-none-eabi/lib/thumb/v7e-m+fp/hard\libc_nano.a(libc_a-mallocr.o)
 .ARM.attributes
                0x00000933       0x34 C:/ST/STM32CubeIDE_1.19.0/STM32CubeIDE/plugins/com.st.stm32cube.ide.mcu.externaltools.gnu-tools-for-stm32.13.3.rel1.win32_1.0.0.202411081344/tools/bin/../lib/gcc/arm-none-eabi/13.3.1/../../../../arm-none-eabi/lib/thumb/v7e-m+fp/hard\libc_nano.a(libc_a-mlock.o)
 .ARM.attributes
                0x00000967       0x34 C:/ST/STM32CubeIDE_1.19.0/STM32CubeIDE/plugins/com.st.stm32cube.ide.mcu.externaltools.gnu-tools-for-stm32.13.3.rel1.win32_1.0.0.202411081344/tools/bin/../lib/gcc/arm-none-eabi/13.3.1/../../../../arm-none-eabi/lib/thumb/v7e-m+fp/hard\libc_nano.a(libc_a-nano-svfprintf.o)
 .ARM.attributes
                0x0000099b       0x34 C:/ST/STM32CubeIDE_1.19.0/STM32CubeIDE/plugins/com.st.stm32cube.ide.mcu.externaltools.gnu-tools-for-stm32.13.3.rel1.win32_1.0.0.202411081344/tools/bin/../lib/gcc/arm-none-eabi/13.3.1/../../../../arm-none-eabi/lib/thumb/v7e-m+fp/hard\libc_nano.a(libc_a-nano-vfprintf_i.o)
 .ARM.attributes
                0x000009cf       0x34 C:/ST/STM32CubeIDE_1.19.0/STM32CubeIDE/plugins/com.st.stm32cube.ide.mcu.externaltools.gnu-tools-for-stm32.13.3.rel1.win32_1.0.0.202411081344/tools/bin/../lib/gcc/arm-none-eabi/13.3.1/../../../../arm-none-eabi/lib/thumb/v7e-m+fp/hard\libc_nano.a(libc_a-memmove.o)
 .ARM.attributes
                0x00000a03       0x34 C:/ST/STM32CubeIDE_1.19.0/STM32CubeIDE/plugins/com.st.stm32cube.ide.mcu.externaltools.gnu-tools-for-stm32.13.3.rel1.win32_1.0.0.202411081344/tools/bin/../lib/gcc/arm-none-eabi/13.3.1/../../../../arm-none-eabi/lib/thumb/v7e-m+fp/hard\libc_nano.a(libc_a-sbrkr.o)
 .ARM.attributes
                0x00000a37       0x1c C:/ST/STM32CubeIDE_1.19.0/STM32CubeIDE/plugins/com.st.stm32cube.ide.mcu.externaltools.gnu-tools-for-stm32.13.3.rel1.win32_1.0.0.202411081344/tools/bin/../lib/gcc/arm-none-eabi/13.3.1/../../../../arm-none-eabi/lib/thumb/v7e-m+fp/hard\libc_nano.a(libc_a-memchr.o)
 .ARM.attributes
                0x00000a53       0x34 C:/ST/STM32CubeIDE_1.19.0/STM32CubeIDE/plugins/com.st.stm32cube.ide.mcu.externaltools.gnu-tools-for-stm32.13.3.rel1.win32_1.0.0.202411081344/tools/bin/../lib/gcc/arm-none-eabi/13.3.1/../../../../arm-none-eabi/lib/thumb/v7e-m+fp/hard\libc_nano.a(libc_a-reallocr.o)
 .ARM.attributes
                0x00000a87       0x34 C:/ST/STM32CubeIDE_1.19.0/STM32CubeIDE/plugins/com.st.stm32cube.ide.mcu.externaltools.gnu-tools-for-stm32.13.3.rel1.win32_1.0.0.202411081344/tools/bin/../lib/gcc/arm-none-eabi/13.3.1/../../../../arm-none-eabi/lib/thumb/v7e-m+fp/hard\libc_nano.a(libc_a-msizer.o)
 .ARM.attributes
                0x00000abb       0x22 C:/ST/STM32CubeIDE_1.19.0/STM32CubeIDE/plugins/com.st.stm32cube.ide.mcu.externaltools.gnu-tools-for-stm32.13.3.rel1.win32_1.0.0.202411081344/tools/bin/../lib/gcc/arm-none-eabi/13.3.1/thumb/v7e-m+fp/hard\libgcc.a(_aeabi_uldivmod.o)
 .ARM.attributes
                0x00000add       0x34 C:/ST/STM32CubeIDE_1.19.0/STM32CubeIDE/plugins/com.st.stm32cube.ide.mcu.externaltools.gnu-tools-for-stm32.13.3.rel1.win32_1.0.0.202411081344/tools/bin/../lib/gcc/arm-none-eabi/13.3.1/thumb/v7e-m+fp/hard\libgcc.a(_udivmoddi4.o)
 .ARM.attributes
                0x00000b11       0x22 C:/ST/STM32CubeIDE_1.19.0/STM32CubeIDE/plugins/com.st.stm32cube.ide.mcu.externaltools.gnu-tools-for-stm32.13.3.rel1.win32_1.0.0.202411081344/tools/bin/../lib/gcc/arm-none-eabi/13.3.1/thumb/v7e-m+fp/hard\libgcc.a(_dvmd_tls.o)
 .ARM.attributes
                0x00000b33       0x22 C:/ST/STM32CubeIDE_1.19.0/STM32CubeIDE/plugins/com.st.stm32cube.ide.mcu.externaltools.gnu-tools-for-stm32.13.3.rel1.win32_1.0.0.202411081344/tools/bin/../lib/gcc/arm-none-eabi/13.3.1/thumb/v7e-m+fp/hard/crtn.o
OUTPUT(Projekt.elf elf32-littlearm)
LOAD linker stubs
LOAD C:/ST/STM32CubeIDE_1.19.0/STM32CubeIDE/plugins/com.st.stm32cube.ide.mcu.externaltools.gnu-tools-for-stm32.13.3.rel1.win32_1.0.0.202411081344/tools/bin/../lib/gcc/arm-none-eabi/13.3.1/../../../../arm-none-eabi/lib/thumb/v7e-m+fp/hard\libc.a
LOAD C:/ST/STM32CubeIDE_1.19.0/STM32CubeIDE/plugins/com.st.stm32cube.ide.mcu.externaltools.gnu-tools-for-stm32.13.3.rel1.win32_1.0.0.202411081344/tools/bin/../lib/gcc/arm-none-eabi/13.3.1/../../../../arm-none-eabi/lib/thumb/v7e-m+fp/hard\libm.a
LOAD C:/ST/STM32CubeIDE_1.19.0/STM32CubeIDE/plugins/com.st.stm32cube.ide.mcu.externaltools.gnu-tools-for-stm32.13.3.rel1.win32_1.0.0.202411081344/tools/bin/../lib/gcc/arm-none-eabi/13.3.1/thumb/v7e-m+fp/hard\libgcc.a

.debug_info     0x00000000    0x1d460
 .debug_info    0x00000000      0x27d ./Core/Src/buttons_logic.o
 .debug_info    0x0000027d      0x1ba ./Core/Src/dice.o
 .debug_info    0x00000437      0x8af ./Core/Src/display.o
 .debug_info    0x00000ce6      0x80b ./Core/Src/game.o
 .debug_info    0x000014f1     0x2728 ./Core/Src/main.o
 .debug_info    0x00003c19      0x3b9 ./Core/Src/menu.o
 .debug_info    0x00003fd2      0xb81 ./Core/Src/note.o
 .debug_info    0x00004b53     0x239f ./Core/Src/stm32f4xx_hal_msp.o
 .debug_info    0x00006ef2      0xb2b ./Core/Src/stm32f4xx_it.o
 .debug_info    0x00007a1d      0x168 ./Core/Src/sysmem.o
 .debug_info    0x00007b85      0x52e ./Core/Src/system_stm32f4xx.o
 .debug_info    0x000080b3       0x30 ./Core/Startup/startup_stm32f429zitx.o
 .debug_info    0x000080e3      0x388 ./Drivers/BSP/Components/ili9341/ili9341.o
 .debug_info    0x0000846b     0x199c ./Drivers/BSP/STM32F429I-Discovery/stm32f429i_discovery.o
 .debug_info    0x00009e07     0x2487 ./Drivers/BSP/STM32F429I-Discovery/stm32f429i_discovery_lcd.o
 .debug_info    0x0000c28e     0x1010 ./Drivers/BSP/STM32F429I-Discovery/stm32f429i_discovery_sdram.o
 .debug_info    0x0000d29e      0x9ba ./Drivers/STM32F4xx_HAL_Driver/Src/stm32f4xx_hal.o
 .debug_info    0x0000dc58      0xce3 ./Drivers/STM32F4xx_HAL_Driver/Src/stm32f4xx_hal_adc.o
 .debug_info    0x0000e93b      0xdc2 ./Drivers/STM32F4xx_HAL_Driver/Src/stm32f4xx_hal_cortex.o
 .debug_info    0x0000f6fd      0x8e7 ./Drivers/STM32F4xx_HAL_Driver/Src/stm32f4xx_hal_dma.o
 .debug_info    0x0000ffe4      0xe82 ./Drivers/STM32F4xx_HAL_Driver/Src/stm32f4xx_hal_dma2d.o
 .debug_info    0x00010e66      0x6db ./Drivers/STM32F4xx_HAL_Driver/Src/stm32f4xx_hal_gpio.o
 .debug_info    0x00011541     0x2421 ./Drivers/STM32F4xx_HAL_Driver/Src/stm32f4xx_hal_i2c.o
 .debug_info    0x00013962      0x672 ./Drivers/STM32F4xx_HAL_Driver/Src/stm32f4xx_hal_i2c_ex.o
 .debug_info    0x00013fd4     0x1031 ./Drivers/STM32F4xx_HAL_Driver/Src/stm32f4xx_hal_ltdc.o
 .debug_info    0x00015005      0x8db ./Drivers/STM32F4xx_HAL_Driver/Src/stm32f4xx_hal_rcc.o
 .debug_info    0x000158e0      0x64c ./Drivers/STM32F4xx_HAL_Driver/Src/stm32f4xx_hal_rcc_ex.o
 .debug_info    0x00015f2c      0x493 ./Drivers/STM32F4xx_HAL_Driver/Src/stm32f4xx_hal_rng.o
 .debug_info    0x000163bf      0xed7 ./Drivers/STM32F4xx_HAL_Driver/Src/stm32f4xx_hal_sdram.o
 .debug_info    0x00017296     0x1525 ./Drivers/STM32F4xx_HAL_Driver/Src/stm32f4xx_hal_spi.o
 .debug_info    0x000187bb     0x299d ./Drivers/STM32F4xx_HAL_Driver/Src/stm32f4xx_hal_tim.o
 .debug_info    0x0001b158     0x14db ./Drivers/STM32F4xx_HAL_Driver/Src/stm32f4xx_hal_tim_ex.o
 .debug_info    0x0001c633      0xe2d ./Drivers/STM32F4xx_HAL_Driver/Src/stm32f4xx_ll_fmc.o

.debug_abbrev   0x00000000     0x4480
 .debug_abbrev  0x00000000      0x132 ./Core/Src/buttons_logic.o
 .debug_abbrev  0x00000132       0xb7 ./Core/Src/dice.o
 .debug_abbrev  0x000001e9      0x1ef ./Core/Src/display.o
 .debug_abbrev  0x000003d8      0x2c3 ./Core/Src/game.o
 .debug_abbrev  0x0000069b      0x329 ./Core/Src/main.o
 .debug_abbrev  0x000009c4      0x1ab ./Core/Src/menu.o
 .debug_abbrev  0x00000b6f      0x255 ./Core/Src/note.o
 .debug_abbrev  0x00000dc4      0x2d5 ./Core/Src/stm32f4xx_hal_msp.o
 .debug_abbrev  0x00001099      0x1d4 ./Core/Src/stm32f4xx_it.o
 .debug_abbrev  0x0000126d       0xbc ./Core/Src/sysmem.o
 .debug_abbrev  0x00001329      0x11a ./Core/Src/system_stm32f4xx.o
 .debug_abbrev  0x00001443       0x24 ./Core/Startup/startup_stm32f429zitx.o
 .debug_abbrev  0x00001467      0x1ad ./Drivers/BSP/Components/ili9341/ili9341.o
 .debug_abbrev  0x00001614      0x2fc ./Drivers/BSP/STM32F429I-Discovery/stm32f429i_discovery.o
 .debug_abbrev  0x00001910      0x340 ./Drivers/BSP/STM32F429I-Discovery/stm32f429i_discovery_lcd.o
 .debug_abbrev  0x00001c50      0x286 ./Drivers/BSP/STM32F429I-Discovery/stm32f429i_discovery_sdram.o
 .debug_abbrev  0x00001ed6      0x214 ./Drivers/STM32F4xx_HAL_Driver/Src/stm32f4xx_hal.o
 .debug_abbrev  0x000020ea      0x252 ./Drivers/STM32F4xx_HAL_Driver/Src/stm32f4xx_hal_adc.o
 .debug_abbrev  0x0000233c      0x31d ./Drivers/STM32F4xx_HAL_Driver/Src/stm32f4xx_hal_cortex.o
 .debug_abbrev  0x00002659      0x264 ./Drivers/STM32F4xx_HAL_Driver/Src/stm32f4xx_hal_dma.o
 .debug_abbrev  0x000028bd      0x23e ./Drivers/STM32F4xx_HAL_Driver/Src/stm32f4xx_hal_dma2d.o
 .debug_abbrev  0x00002afb      0x1d4 ./Drivers/STM32F4xx_HAL_Driver/Src/stm32f4xx_hal_gpio.o
 .debug_abbrev  0x00002ccf      0x2ad ./Drivers/STM32F4xx_HAL_Driver/Src/stm32f4xx_hal_i2c.o
 .debug_abbrev  0x00002f7c      0x157 ./Drivers/STM32F4xx_HAL_Driver/Src/stm32f4xx_hal_i2c_ex.o
 .debug_abbrev  0x000030d3      0x23a ./Drivers/STM32F4xx_HAL_Driver/Src/stm32f4xx_hal_ltdc.o
 .debug_abbrev  0x0000330d      0x2b7 ./Drivers/STM32F4xx_HAL_Driver/Src/stm32f4xx_hal_rcc.o
 .debug_abbrev  0x000035c4      0x1b0 ./Drivers/STM32F4xx_HAL_Driver/Src/stm32f4xx_hal_rcc_ex.o
 .debug_abbrev  0x00003774      0x1c4 ./Drivers/STM32F4xx_HAL_Driver/Src/stm32f4xx_hal_rng.o
 .debug_abbrev  0x00003938      0x227 ./Drivers/STM32F4xx_HAL_Driver/Src/stm32f4xx_hal_sdram.o
 .debug_abbrev  0x00003b5f      0x27a ./Drivers/STM32F4xx_HAL_Driver/Src/stm32f4xx_hal_spi.o
 .debug_abbrev  0x00003dd9      0x278 ./Drivers/STM32F4xx_HAL_Driver/Src/stm32f4xx_hal_tim.o
 .debug_abbrev  0x00004051      0x283 ./Drivers/STM32F4xx_HAL_Driver/Src/stm32f4xx_hal_tim_ex.o
 .debug_abbrev  0x000042d4      0x1ac ./Drivers/STM32F4xx_HAL_Driver/Src/stm32f4xx_ll_fmc.o

.debug_aranges  0x00000000     0x1ae8
 .debug_aranges
                0x00000000       0x20 ./Core/Src/buttons_logic.o
 .debug_aranges
                0x00000020       0x20 ./Core/Src/dice.o
 .debug_aranges
                0x00000040       0x30 ./Core/Src/display.o
 .debug_aranges
                0x00000070       0x88 ./Core/Src/game.o
 .debug_aranges
                0x000000f8       0x80 ./Core/Src/main.o
 .debug_aranges
                0x00000178       0x30 ./Core/Src/menu.o
 .debug_aranges