../Core/Src/game.c:41:6:Game_Background	16	static
../Core/Src/game.c:54:6:Draw_Numer_Of_Dices	40	static
../Core/Src/game.c:114:6:Blink_Dice	24	static
../Core/Src/game.c:124:6:Mark_Dice	16	static
../Core/Src/game.c:135:6:Remove_Dice_Mark	16	static
../Core/Src/game.c:145:6:Score_Logic	16	static
../Core/Src/game.c:272:6:Update_Selected_Score	88	static
../Core/Src/game.c:325:6:Initialize_Game	8	static
../Core/Src/game.c:331:6:Reset_Game_State	16	static
../Core/Src/game.c:355:6:Jinx_Graphics	8	static
../Core/Src/game.c:381:6:Jinx_Logic	16	static
../Core/Src/game.c:410:6:Win_Screen	16	static
../Core/Src/game.c:447:6:Win_Condition	8	static
../Core/Src/game.c:459:6:Game_Round	24	static
